Archive member included to satisfy reference by file (symbol)

C:/ST/STM32CubeIDE_1.15.1/STM32CubeIDE/plugins/com.st.stm32cube.ide.mcu.externaltools.gnu-tools-for-stm32.12.3.rel1.win32_1.0.100.202403111256/tools/bin/../lib/gcc/arm-none-eabi/12.3.1/../../../../arm-none-eabi/lib/thumb/v7e-m/nofp\libc_nano.a(libc_a-exit.o)
                              C:/ST/STM32CubeIDE_1.15.1/STM32CubeIDE/plugins/com.st.stm32cube.ide.mcu.externaltools.gnu-tools-for-stm32.12.3.rel1.win32_1.0.100.202403111256/tools/bin/../lib/gcc/arm-none-eabi/12.3.1/../../../../arm-none-eabi/lib/thumb/v7e-m/nofp/crt0.o (exit)
C:/ST/STM32CubeIDE_1.15.1/STM32CubeIDE/plugins/com.st.stm32cube.ide.mcu.externaltools.gnu-tools-for-stm32.12.3.rel1.win32_1.0.100.202403111256/tools/bin/../lib/gcc/arm-none-eabi/12.3.1/../../../../arm-none-eabi/lib/thumb/v7e-m/nofp\libc_nano.a(libc_a-findfp.o)
                              C:/ST/STM32CubeIDE_1.15.1/STM32CubeIDE/plugins/com.st.stm32cube.ide.mcu.externaltools.gnu-tools-for-stm32.12.3.rel1.win32_1.0.100.202403111256/tools/bin/../lib/gcc/arm-none-eabi/12.3.1/../../../../arm-none-eabi/lib/thumb/v7e-m/nofp\libc_nano.a(libc_a-exit.o) (__stdio_exit_handler)
C:/ST/STM32CubeIDE_1.15.1/STM32CubeIDE/plugins/com.st.stm32cube.ide.mcu.externaltools.gnu-tools-for-stm32.12.3.rel1.win32_1.0.100.202403111256/tools/bin/../lib/gcc/arm-none-eabi/12.3.1/../../../../arm-none-eabi/lib/thumb/v7e-m/nofp\libc_nano.a(libc_a-fwalk.o)
                              C:/ST/STM32CubeIDE_1.15.1/STM32CubeIDE/plugins/com.st.stm32cube.ide.mcu.externaltools.gnu-tools-for-stm32.12.3.rel1.win32_1.0.100.202403111256/tools/bin/../lib/gcc/arm-none-eabi/12.3.1/../../../../arm-none-eabi/lib/thumb/v7e-m/nofp\libc_nano.a(libc_a-findfp.o) (_fwalk_sglue)
C:/ST/STM32CubeIDE_1.15.1/STM32CubeIDE/plugins/com.st.stm32cube.ide.mcu.externaltools.gnu-tools-for-stm32.12.3.rel1.win32_1.0.100.202403111256/tools/bin/../lib/gcc/arm-none-eabi/12.3.1/../../../../arm-none-eabi/lib/thumb/v7e-m/nofp\libc_nano.a(libc_a-stdio.o)
                              C:/ST/STM32CubeIDE_1.15.1/STM32CubeIDE/plugins/com.st.stm32cube.ide.mcu.externaltools.gnu-tools-for-stm32.12.3.rel1.win32_1.0.100.202403111256/tools/bin/../lib/gcc/arm-none-eabi/12.3.1/../../../../arm-none-eabi/lib/thumb/v7e-m/nofp\libc_nano.a(libc_a-findfp.o) (__sread)
C:/ST/STM32CubeIDE_1.15.1/STM32CubeIDE/plugins/com.st.stm32cube.ide.mcu.externaltools.gnu-tools-for-stm32.12.3.rel1.win32_1.0.100.202403111256/tools/bin/../lib/gcc/arm-none-eabi/12.3.1/../../../../arm-none-eabi/lib/thumb/v7e-m/nofp\libc_nano.a(libc_a-vsnprintf.o)
                              ./Core/Src/com_debug.o (vsnprintf)
C:/ST/STM32CubeIDE_1.15.1/STM32CubeIDE/plugins/com.st.stm32cube.ide.mcu.externaltools.gnu-tools-for-stm32.12.3.rel1.win32_1.0.100.202403111256/tools/bin/../lib/gcc/arm-none-eabi/12.3.1/../../../../arm-none-eabi/lib/thumb/v7e-m/nofp\libc_nano.a(libc_a-memset.o)
                              C:/ST/STM32CubeIDE_1.15.1/STM32CubeIDE/plugins/com.st.stm32cube.ide.mcu.externaltools.gnu-tools-for-stm32.12.3.rel1.win32_1.0.100.202403111256/tools/bin/../lib/gcc/arm-none-eabi/12.3.1/../../../../arm-none-eabi/lib/thumb/v7e-m/nofp/crt0.o (memset)
C:/ST/STM32CubeIDE_1.15.1/STM32CubeIDE/plugins/com.st.stm32cube.ide.mcu.externaltools.gnu-tools-for-stm32.12.3.rel1.win32_1.0.100.202403111256/tools/bin/../lib/gcc/arm-none-eabi/12.3.1/../../../../arm-none-eabi/lib/thumb/v7e-m/nofp\libc_nano.a(libc_a-closer.o)
                              C:/ST/STM32CubeIDE_1.15.1/STM32CubeIDE/plugins/com.st.stm32cube.ide.mcu.externaltools.gnu-tools-for-stm32.12.3.rel1.win32_1.0.100.202403111256/tools/bin/../lib/gcc/arm-none-eabi/12.3.1/../../../../arm-none-eabi/lib/thumb/v7e-m/nofp\libc_nano.a(libc_a-stdio.o) (_close_r)
C:/ST/STM32CubeIDE_1.15.1/STM32CubeIDE/plugins/com.st.stm32cube.ide.mcu.externaltools.gnu-tools-for-stm32.12.3.rel1.win32_1.0.100.202403111256/tools/bin/../lib/gcc/arm-none-eabi/12.3.1/../../../../arm-none-eabi/lib/thumb/v7e-m/nofp\libc_nano.a(libc_a-reent.o)
                              C:/ST/STM32CubeIDE_1.15.1/STM32CubeIDE/plugins/com.st.stm32cube.ide.mcu.externaltools.gnu-tools-for-stm32.12.3.rel1.win32_1.0.100.202403111256/tools/bin/../lib/gcc/arm-none-eabi/12.3.1/../../../../arm-none-eabi/lib/thumb/v7e-m/nofp\libc_nano.a(libc_a-closer.o) (errno)
C:/ST/STM32CubeIDE_1.15.1/STM32CubeIDE/plugins/com.st.stm32cube.ide.mcu.externaltools.gnu-tools-for-stm32.12.3.rel1.win32_1.0.100.202403111256/tools/bin/../lib/gcc/arm-none-eabi/12.3.1/../../../../arm-none-eabi/lib/thumb/v7e-m/nofp\libc_nano.a(libc_a-impure.o)
                              C:/ST/STM32CubeIDE_1.15.1/STM32CubeIDE/plugins/com.st.stm32cube.ide.mcu.externaltools.gnu-tools-for-stm32.12.3.rel1.win32_1.0.100.202403111256/tools/bin/../lib/gcc/arm-none-eabi/12.3.1/../../../../arm-none-eabi/lib/thumb/v7e-m/nofp\libc_nano.a(libc_a-vsnprintf.o) (_impure_ptr)
[...]
Memory Configuration

Name             Origin             Length             Attributes
RAM              0x20000000         0x00010000         xrw
RAM2             0x10000000         0x00008000         xrw
FLASH            0x08000000         0x00040000         xr
*default*        0x00000000         0xffffffff

Linker script and memory map

LOAD C:/ST/STM32CubeIDE_1.15.1/STM32CubeIDE/plugins/com.st.stm32cube.ide.mcu.externaltools.gnu-tools-for-stm32.12.3.rel1.win32_1.0.100.202403111256/tools/bin/../lib/gcc/arm-none-eabi/12.3.1/thumb/v7e-m/nofp/crti.o
LOAD C:/ST/STM32CubeIDE_1.15.1/STM32CubeIDE/plugins/com.st.stm32cube.ide.mcu.externaltools.gnu-tools-for-stm32.12.3.rel1.win32_1.0.100.202403111256/tools/bin/../lib/gcc/arm-none-eabi/12.3.1/thumb/v7e-m/nofp/crtbegin.o
LOAD C:/ST/STM32CubeIDE_1.15.1/STM32CubeIDE/plugins/com.st.stm32cube.ide.mcu.externaltools.gnu-tools-for-stm32.12.3.rel1.win32_1.0.100.202403111256/tools/bin/../lib/gcc/arm-none-eabi/12.3.1/../../../../arm-none-eabi/lib/thumb/v7e-m/nofp/crt0.o
LOAD ./Core/Src/ax25_generator.o
LOAD ./Core/Src/com_debug.o
LOAD ./Core/Src/error_handler.o
LOAD ./Core/Src/main.o
LOAD ./Core/Src/obc_interface.o
LOAD ./Core/Src/stm32_adv_trace_if.o
LOAD ./Core/Src/stm32_lpm_if.o
LOAD ./Core/Src/stm32wlxx_hal_msp.o
LOAD ./Core/Src/stm32wlxx_it.o
LOAD ./Core/Src/sys_app.o
LOAD ./Core/Src/syscalls.o
LOAD ./Core/Src/sysmem.o
LOAD ./Core/Src/system_stm32wlxx.o
LOAD ./Core/Src/timer_if.o
LOAD ./Core/Startup/startup_stm32wl55jcix.o
LOAD ./Drivers/STM32WLxx_HAL_Driver/Src/stm32wlxx_hal.o
LOAD ./Drivers/STM32WLxx_HAL_Driver/Src/stm32wlxx_hal_cortex.o
LOAD ./Drivers/STM32WLxx_HAL_Driver/Src/stm32wlxx_hal_dma.o
LOAD ./Drivers/STM32WLxx_HAL_Driver/Src/stm32wlxx_hal_dma_ex.o
LOAD ./Drivers/STM32WLxx_HAL_Driver/Src/stm32wlxx_hal_exti.o
LOAD ./Drivers/STM32WLxx_HAL_Driver/Src/stm32wlxx_hal_flash.o
LOAD ./Drivers/STM32WLxx_HAL_Driver/Src/stm32wlxx_hal_flash_ex.o
LOAD ./Drivers/STM32WLxx_HAL_Driver/Src/stm32wlxx_hal_gpio.o
LOAD ./Drivers/STM32WLxx_HAL_Driver/Src/stm32wlxx_hal_pwr.o
LOAD ./Drivers/STM32WLxx_HAL_Driver/Src/stm32wlxx_hal_pwr_ex.o
LOAD ./Drivers/STM32WLxx_HAL_Driver/Src/stm32wlxx_hal_rcc.o
LOAD ./Drivers/STM32WLxx_HAL_Driver/Src/stm32wlxx_hal_rcc_ex.o
LOAD ./Drivers/STM32WLxx_HAL_Driver/Src/stm32wlxx_hal_subghz.o
LOAD ./Drivers/STM32WLxx_HAL_Driver/Src/stm32wlxx_hal_tim.o
LOAD ./Drivers/STM32WLxx_HAL_Driver/Src/stm32wlxx_hal_tim_ex.o
LOAD ./Drivers/STM32WLxx_HAL_Driver/Src/stm32wlxx_hal_uart.o
LOAD ./Drivers/STM32WLxx_HAL_Driver/Src/stm32wlxx_hal_uart_ex.o
LOAD ./Drivers/STM32WLxx_Nucleo/stm32wlxx_nucleo.o
LOAD ./Drivers/STM32WLxx_Nucleo/stm32wlxx_nucleo_radio.o
LOAD ./Middlewares/Third_Party/SubGHz_Phy/stm32_radio_driver/lr_fhss_mac.o
LOAD ./Middlewares/Third_Party/SubGHz_Phy/stm32_radio_driver/radio.o
LOAD ./Middlewares/Third_Party/SubGHz_Phy/stm32_radio_driver/radio_driver.o
LOAD ./Middlewares/Third_Party/SubGHz_Phy/stm32_radio_driver/radio_fw.o
LOAD ./Middlewares/Third_Party/SubGHz_Phy/stm32_radio_driver/wl_lr_fhss.o
LOAD ./SubGHz_Phy/App/app_subghz_phy.o
LOAD ./SubGHz_Phy/App/subghz_phy_app.o
LOAD ./SubGHz_Phy/Target/radio_board_if.o
LOAD ./Utilities/lpm/tiny_lpm/stm32_lpm.o
LOAD ./Utilities/misc/stm32_mem.o
LOAD ./Utilities/misc/stm32_systime.o
LOAD ./Utilities/misc/stm32_tiny_sscanf.o
LOAD ./Utilities/misc/stm32_tiny_vsnprintf.o
LOAD ./Utilities/sequencer/stm32_seq.o
LOAD ./Utilities/timer/stm32_timer.o
LOAD ./Utilities/trace/adv_trace/stm32_adv_trace.o
START GROUP
LOAD C:/ST/STM32CubeIDE_1.15.1/STM32CubeIDE/plugins/com.st.stm32cube.ide.mcu.externaltools.gnu-tools-for-stm32.12.3.rel1.win32_1.0.100.202403111256/tools/bin/../lib/gcc/arm-none-eabi/12.3.1/../../../../arm-none-eabi/lib/thumb/v7e-m/nofp\libc_nano.a
LOAD C:/ST/STM32CubeIDE_1.15.1/STM32CubeIDE/plugins/com.st.stm32cube.ide.mcu.externaltools.gnu-tools-for-stm32.12.3.rel1.win32_1.0.100.202403111256/tools/bin/../lib/gcc/arm-none-eabi/12.3.1/../../../../arm-none-eabi/lib/thumb/v7e-m/nofp\libm.a
END GROUP
START GROUP
LOAD C:/ST/STM32CubeIDE_1.15.1/STM32CubeIDE/plugins/com.st.stm32cube.ide.mcu.externaltools.gnu-tools-for-stm32.12.3.rel1.win32_1.0.100.202403111256/tools/bin/../lib/gcc/arm-none-eabi/12.3.1/thumb/v7e-m/nofp\libgcc.a
LOAD C:/ST/STM32CubeIDE_1.15.1/STM32CubeIDE/plugins/com.st.stm32cube.ide.mcu.externaltools.gnu-tools-for-stm32.12.3.rel1.win32_1.0.100.202403111256/tools/bin/../lib/gcc/arm-none-eabi/12.3.1/../../../../arm-none-eabi/lib/thumb/v7e-m/nofp\libc_nano.a
END GROUP
START GROUP
LOAD C:/ST/STM32CubeIDE_1.15.1/STM32CubeIDE/plugins/com.st.stm32cube.ide.mcu.externaltools.gnu-tools-for-stm32.12.3.rel1.win32_1.0.100.202403111256/tools/bin/../lib/gcc/arm-none-eabi/12.3.1/thumb/v7e-m/nofp\libgcc.a
LOAD C:/ST/STM32CubeIDE_1.15.1/STM32CubeIDE/plugins/com.st.stm32cube.ide.mcu.externaltools.gnu-tools-for-stm32.12.3.rel1.win32_1.0.100.202403111256/tools/bin/../lib/gcc/arm-none-eabi/12.3.1/../../../../arm-none-eabi/lib/thumb/v7e-m/nofp\libc_nano.a
LOAD C:/ST/STM32CubeIDE_1.15.1/STM32CubeIDE/plugins/com.st.stm32cube.ide.mcu.externaltools.gnu-tools-for-stm32.12.3.rel1.win32_1.0.100.202403111256/tools/bin/../lib/gcc/arm-none-eabi/12.3.1/../../../../arm-none-eabi/lib/thumb/v7e-m/nofp\libnosys.a
END GROUP
START GROUP
LOAD C:/ST/STM32CubeIDE_1.15.1/STM32CubeIDE/plugins/com.st.stm32cube.ide.mcu.externaltools.gnu-tools-for-stm32.12.3.rel1.win32_1.0.100.202403111256/tools/bin/../lib/gcc/arm-none-eabi/12.3.1/thumb/v7e-m/nofp\libgcc.a
LOAD C:/ST/STM32CubeIDE_1.15.1/STM32CubeIDE/plugins/com.st.stm32cube.ide.mcu.externaltools.gnu-tools-for-stm32.12.3.rel1.win32_1.0.100.202403111256/tools/bin/../lib/gcc/arm-none-eabi/12.3.1/../../../../arm-none-eabi/lib/thumb/v7e-m/nofp\libc_nano.a
LOAD C:/ST/STM32CubeIDE_1.15.1/STM32CubeIDE/plugins/com.st.stm32cube.ide.mcu.externaltools.gnu-tools-for-stm32.12.3.rel1.win32_1.0.100.202403111256/tools/bin/../lib/gcc/arm-none-eabi/12.3.1/../../../../arm-none-eabi/lib/thumb/v7e-m/nofp\libnosys.a
END GROUP
LOAD C:/ST/STM32CubeIDE_1.15.1/STM32CubeIDE/plugins/com.st.stm32cube.ide.mcu.externaltools.gnu-tools-for-stm32.12.3.rel1.win32_1.0.100.202403111256/tools/bin/../lib/gcc/arm-none-eabi/12.3.1/thumb/v7e-m/nofp/crtend.o
LOAD C:/ST/STM32CubeIDE_1.15.1/STM32CubeIDE/plugins/com.st.stm32cube.ide.mcu.externaltools.gnu-tools-for-stm32.12.3.rel1.win32_1.0.100.202403111256/tools/bin/../lib/gcc/arm-none-eabi/12.3.1/thumb/v7e-m/nofp/crtn.o
                0x20010000                        _estack = (ORIGIN (RAM) + LENGTH (RAM))
                0x00000200                        _Min_Heap_Size = 0x200
                0x00000400                        _Min_Stack_Size = 0x400

.isr_vector     0x08000000      0x138
                0x08000000                        . = ALIGN (0x4)
 *(.isr_vector)
 .isr_vector    0x08000000      0x138 ./Core/Startup/startup_stm32wl55jcix.o
                0x08000000                g_pfnVectors
                0x08000138                        . = ALIGN (0x4)

.text           0x08000140     0xc784
                0x08000140                        . = ALIGN (0x4)
 *(.text)
 .text          0x08000140       0x40 C:/ST/STM32CubeIDE_1.15.1/STM32CubeIDE/plugins/com.st.stm32cube.ide.mcu.externaltools.gnu-tools-for-stm32.12.3.rel1.win32_1.0.100.202403111256/tools/bin/../lib/gcc/arm-none-eabi/12.3.1/thumb/v7e-m/nofp/crtbegin.o
 .text          0x08000180       0xa0 C:/ST/STM32CubeIDE_1.15.1/STM32CubeIDE/plugins/com.st.stm32cube.ide.mcu.externaltools.gnu-tools-for-stm32.12.3.rel1.win32_1.0.100.202403111256/tools/bin/../lib/gcc/arm-none-eabi/12.3.1/../../../../arm-none-eabi/lib/thumb/v7e-m/nofp\libc_nano.a(libc_a-memchr.o)
                0x08000180                memchr
 .text          0x08000220       0x30 C:/ST/STM32CubeIDE_1.15.1/STM32CubeIDE/plugins/com.st.stm32cube.ide.mcu.externaltools.gnu-tools-for-stm32.12.3.rel1.win32_1.0.100.202403111256/tools/bin/../lib/gcc/arm-none-eabi/12.3.1/thumb/v7e-m/nofp\libgcc.a(_aeabi_uldivmod.o)
                0x08000220                __aeabi_uldivmod
 .text          0x08000250      0x2bc C:/ST/STM32CubeIDE_1.15.1/STM32CubeIDE/plugins/com.st.stm32cube.ide.mcu.externaltools.gnu-tools-for-stm32.12.3.rel1.win32_1.0.100.202403111256/tools/bin/../lib/gcc/arm-none-eabi/12.3.1/thumb/v7e-m/nofp\libgcc.a(_udivmoddi4.o)
                0x08000250                __udivmoddi4
 .text          0x0800050c        0x4 C:/ST/STM32CubeIDE_1.15.1/STM32CubeIDE/plugins/com.st.stm32cube.ide.mcu.externaltools.gnu-tools-for-stm32.12.3.rel1.win32_1.0.100.202403111256/tools/bin/../lib/gcc/arm-none-eabi/12.3.1/thumb/v7e-m/nofp\libgcc.a(_dvmd_tls.o)
                0x0800050c                __aeabi_idiv0
                0x0800050c                __aeabi_ldiv0
 *(.text*)
 .text.updatePacket
                0x08000510       0x64 ./Core/Src/ax25_generator.o
                0x08000510                updatePacket
 .text.getHDLCPacket
                0x08000574       0xb4 ./Core/Src/ax25_generator.o
                0x08000574                getHDLCPacket
 .text.getAX25Packet
                0x08000628      0x114 ./Core/Src/ax25_generator.o
                0x08000628                getAX25Packet
 .text.delay_us
                0x0800073c       0x34 ./Core/Src/com_debug.o
                0x0800073c                delay_us
 .text.myDebug  0x08000770       0x48 ./Core/Src/com_debug.o
                0x08000770                myDebug
 .text.bufferSize
                0x080007b8       0x2c ./Core/Src/com_debug.o
                0x080007b8                bufferSize
 .text.calculateCRC_CCITT_AX25
                0x080007e4       0x7e ./Core/Src/error_handler.o
                0x080007e4                calculateCRC_CCITT_AX25
 .text.bit_stuffing
                0x08000862      0x150 ./Core/Src/error_handler.o
                0x08000862                bit_stuffing
 .text.bit_destuffing
                0x080009b2       0xf6 ./Core/Src/error_handler.o
                0x080009b2                bit_destuffing
 .text.check_packet_type
                0x08000aa8       0x88 ./Core/Src/error_handler.o
                0x08000aa8                check_packet_type
 .text.LL_AHB1_GRP1_EnableClock
                0x08000b30       0x30 ./Core/Src/main.o
 .text.LL_AHB2_GRP1_EnableClock
                0x08000b60       0x30 ./Core/Src/main.o
 .text.HAL_TIM_PeriodElapsedCallback
                0x08000b90      0x110 ./Core/Src/main.o
                0x08000b90                HAL_TIM_PeriodElapsedCallback
 .text.countsDataBetweenFlags
                0x08000ca0       0x6c ./Core/Src/main.o
                0x08000ca0                countsDataBetweenFlags
 .text.setPacketParams
                0x08000d0c       0x54 ./Core/Src/main.o
                0x08000d0c                setPacketParams
 .text.setModulationParams
                0x08000d60       0x3c ./Core/Src/main.o
                0x08000d60                setModulationParams
 .text.radioConfig
                0x08000d9c       0x7c ./Core/Src/main.o
                0x08000d9c                radioConfig
 .text.HAL_UART_RxCpltCallback
                0x08000e18      0x48c ./Core/Src/main.o
                0x08000e18                HAL_UART_RxCpltCallback
 .text.main     0x080012a4      0x344 ./Core/Src/main.o
                0x080012a4                main
 .text.SystemClock_Config
                0x080015e8       0xc0 ./Core/Src/main.o
                0x080015e8                SystemClock_Config
 .text.MX_LPUART1_UART_Init
                0x080016a8       0x98 ./Core/Src/main.o
 .text.MX_USART1_UART_Init
                0x08001740       0x98 ./Core/Src/main.o
 .text.MX_USART2_UART_Init
                0x080017d8       0x98 ./Core/Src/main.o
 .text.MX_SUBGHZ_Init
                0x08001870       0x24 ./Core/Src/main.o
                0x08001870                MX_SUBGHZ_Init
 .text.MX_TIM1_Init
                0x08001894       0xa8 ./Core/Src/main.o
 .text.MX_TIM2_Init
                0x0800193c       0x9c ./Core/Src/main.o
 .text.MX_DMA_Init
                0x080019d8       0x74 ./Core/Src/main.o
 .text.MX_GPIO_Init
                0x08001a4c       0xb4 ./Core/Src/main.o
 .text.DioIrqHndlr
                0x08001b00      0xed0 ./Core/Src/main.o
                0x08001b00                DioIrqHndlr
 .text.Error_Handler
                0x080029d0        0xc ./Core/Src/main.o
                0x080029d0                Error_Handler
 .text.WAIT_FOR_HANDSHAKE
                0x080029dc      0x1ec ./Core/Src/obc_interface.o
                0x080029dc                WAIT_FOR_HANDSHAKE
 .text.LL_AHB2_GRP1_EnableClock
                0x08002bc8       0x30 ./Core/Src/stm32wlxx_hal_msp.o
 .text.LL_APB1_GRP1_EnableClock
                0x08002bf8       0x30 ./Core/Src/stm32wlxx_hal_msp.o
 .text.LL_APB1_GRP2_EnableClock
                0x08002c28       0x30 ./Core/Src/stm32wlxx_hal_msp.o
 .text.LL_APB2_GRP1_EnableClock
                0x08002c58       0x30 ./Core/Src/stm32wlxx_hal_msp.o
 .text.LL_APB3_GRP1_EnableClock
                0x08002c88       0x30 ./Core/Src/stm32wlxx_hal_msp.o
 .text.HAL_MspInit
                0x08002cb8        0xc ./Core/Src/stm32wlxx_hal_msp.o
                0x08002cb8                HAL_MspInit
 .text.HAL_UART_MspInit
                0x08002cc4      0x40c ./Core/Src/stm32wlxx_hal_msp.o
                0x08002cc4                HAL_UART_MspInit
 .text.HAL_SUBGHZ_MspInit
                0x080030d0       0x26 ./Core/Src/stm32wlxx_hal_msp.o
                0x080030d0                HAL_SUBGHZ_MspInit
 *fill*         0x080030f6        0x2 
 .text.HAL_TIM_Base_MspInit
                0x080030f8       0x48 ./Core/Src/stm32wlxx_hal_msp.o
                0x080030f8                HAL_TIM_Base_MspInit
 .text.NMI_Handler
                0x08003140        0x8 ./Core/Src/stm32wlxx_it.o
                0x08003140                NMI_Handler
 .text.HardFault_Handler
                0x08003148        0x8 ./Core/Src/stm32wlxx_it.o
                0x08003148                HardFault_Handler
 .text.MemManage_Handler
                0x08003150        0x8 ./Core/Src/stm32wlxx_it.o
                0x08003150                MemManage_Handler
 .text.BusFault_Handler
                0x08003158        0x8 ./Core/Src/stm32wlxx_it.o
                0x08003158                BusFault_Handler
 .text.UsageFault_Handler
                0x08003160        0x8 ./Core/Src/stm32wlxx_it.o
                0x08003160                UsageFault_Handler
 .text.SVC_Handler
                0x08003168        0xc ./Core/Src/stm32wlxx_it.o
                0x08003168                SVC_Handler
 .text.DebugMon_Handler
                0x08003174        0xc ./Core/Src/stm32wlxx_it.o
                0x08003174                DebugMon_Handler
 .text.PendSV_Handler
                0x08003180        0xc ./Core/Src/stm32wlxx_it.o
                0x08003180                PendSV_Handler
 .text.SysTick_Handler
                0x0800318c        0xc ./Core/Src/stm32wlxx_it.o
                0x0800318c                SysTick_Handler
 .text.DMA1_Channel1_IRQHandler
                0x08003198       0x14 ./Core/Src/stm32wlxx_it.o
                0x08003198                DMA1_Channel1_IRQHandler
 .text.DMA1_Channel2_IRQHandler
                0x080031ac       0x14 ./Core/Src/stm32wlxx_it.o
                0x080031ac                DMA1_Channel2_IRQHandler
 .text.DMA1_Channel3_IRQHandler
                0x080031c0       0x14 ./Core/Src/stm32wlxx_it.o
                0x080031c0                DMA1_Channel3_IRQHandler
 .text.DMA1_Channel4_IRQHandler
                0x080031d4       0x14 ./Core/Src/stm32wlxx_it.o
                0x080031d4                DMA1_Channel4_IRQHandler
 .text.DMA1_Channel5_IRQHandler
                0x080031e8       0x14 ./Core/Src/stm32wlxx_it.o
                0x080031e8                DMA1_Channel5_IRQHandler
 .text.DMA1_Channel6_IRQHandler
                0x080031fc       0x14 ./Core/Src/stm32wlxx_it.o
                0x080031fc                DMA1_Channel6_IRQHandler
 .text.TIM1_UP_IRQHandler
                0x08003210       0x14 ./Core/Src/stm32wlxx_it.o
                0x08003210                TIM1_UP_IRQHandler
 .text.USART1_IRQHandler
                0x08003224       0x14 ./Core/Src/stm32wlxx_it.o
                0x08003224                USART1_IRQHandler
 .text.USART2_IRQHandler
                0x08003238       0x14 ./Core/Src/stm32wlxx_it.o
                0x08003238                USART2_IRQHandler
 .text.LPUART1_IRQHandler
                0x0800324c       0x14 ./Core/Src/stm32wlxx_it.o
                0x0800324c                LPUART1_IRQHandler
 .text.SUBGHZ_Radio_IRQHandler
                0x08003260       0x14 ./Core/Src/stm32wlxx_it.o
                0x08003260                SUBGHZ_Radio_IRQHandler
 .text.SystemApp_Init
                0x08003274        0xc ./Core/Src/sys_app.o
                0x08003274                SystemApp_Init
 .text.HAL_GetTick
                0x08003280       0x28 ./Core/Src/sys_app.o
                0x08003280                HAL_GetTick
 .text.HAL_Delay
                0x080032a8       0x18 ./Core/Src/sys_app.o
                0x080032a8                HAL_Delay
 .text._sbrk    0x080032c0       0x6c ./Core/Src/sysmem.o
                0x080032c0                _sbrk
 .text.SystemInit
                0x0800332c        0xc ./Core/Src/system_stm32wlxx.o
                0x0800332c                SystemInit
 .text.TIMER_IF_Init
                0x08003338       0x16 ./Core/Src/timer_if.o
                0x08003338                TIMER_IF_Init
 .text.TIMER_IF_StartTimer
                0x0800334e       0x18 ./Core/Src/timer_if.o
                0x0800334e                TIMER_IF_StartTimer
 .text.TIMER_IF_StopTimer
                0x08003366       0x16 ./Core/Src/timer_if.o
                0x08003366                TIMER_IF_StopTimer
 .text.TIMER_IF_SetTimerContext
                0x0800337c       0x14 ./Core/Src/timer_if.o
                0x0800337c                TIMER_IF_SetTimerContext
 .text.TIMER_IF_GetTimerContext
                0x08003390       0x14 ./Core/Src/timer_if.o
                0x08003390                TIMER_IF_GetTimerContext
 .text.TIMER_IF_GetTimerElapsedTime
                0x080033a4       0x16 ./Core/Src/timer_if.o
                0x080033a4                TIMER_IF_GetTimerElapsedTime
 .text.TIMER_IF_GetTimerValue
                0x080033ba       0x16 ./Core/Src/timer_if.o
                0x080033ba                TIMER_IF_GetTimerValue
 .text.TIMER_IF_GetMinimumTimeout
                0x080033d0       0x16 ./Core/Src/timer_if.o
                0x080033d0                TIMER_IF_GetMinimumTimeout
 .text.TIMER_IF_Convert_ms2Tick
                0x080033e6       0x18 ./Core/Src/timer_if.o
                0x080033e6                TIMER_IF_Convert_ms2Tick
 .text.TIMER_IF_Convert_Tick2ms
                0x080033fe       0x18 ./Core/Src/timer_if.o
                0x080033fe                TIMER_IF_Convert_Tick2ms
 .text.TIMER_IF_DelayMs
                0x08003416       0x12 ./Core/Src/timer_if.o
                0x08003416                TIMER_IF_DelayMs
 .text.Reset_Handler
                0x08003428       0x50 ./Core/Startup/startup_stm32wl55jcix.o
                0x08003428                Reset_Handler
 .text.Default_Handler
                0x08003478        0x2 ./Core/Startup/startup_stm32wl55jcix.o
                0x08003478                RTC_Alarm_IRQHandler
                0x08003478                EXTI2_IRQHandler
                0x08003478                TIM1_CC_IRQHandler
                0x08003478                EXTI3_IRQHandler
                0x08003478                LPTIM2_IRQHandler
                0x08003478                I2C3_ER_IRQHandler
                0x08003478                LPTIM3_IRQHandler
                0x08003478                EXTI0_IRQHandler
                0x08003478                I2C2_EV_IRQHandler
                0x08003478                TAMP_STAMP_LSECSS_SSRU_IRQHandler
                0x08003478                SPI1_IRQHandler
                0x08003478                DMA2_Channel2_IRQHandler
                0x08003478                PKA_IRQHandler
                0x08003478                TIM17_IRQHandler
                0x08003478                DMA1_Channel7_IRQHandler
                0x08003478                SUBGHZSPI_IRQHandler
                0x08003478                IPCC_C1_TX_IRQHandler
                0x08003478                DMA2_Channel1_IRQHandler
                0x08003478                I2C1_EV_IRQHandler
                0x08003478                DMAMUX1_OVR_IRQHandler
                0x08003478                TIM16_IRQHandler
                0x08003478                DMA2_Channel4_IRQHandler
                0x08003478                RCC_IRQHandler
                0x08003478                TIM1_TRG_COM_IRQHandler
                0x08003478                Default_Handler
                0x08003478                DMA2_Channel7_IRQHandler
                0x08003478                EXTI15_10_IRQHandler
                0x08003478                IPCC_C1_RX_IRQHandler
                0x08003478                ADC_IRQHandler
                0x08003478                C2SEV_PWR_C2H_IRQHandler
                0x08003478                I2C3_EV_IRQHandler
                0x08003478                EXTI9_5_IRQHandler
                0x08003478                RTC_WKUP_IRQHandler
                0x08003478                PVD_PVM_IRQHandler
                0x08003478                SPI2_IRQHandler
                0x08003478                DMA2_Channel5_IRQHandler
                0x08003478                EXTI4_IRQHandler
                0x08003478                RNG_IRQHandler
                0x08003478                COMP_IRQHandler
                0x08003478                HSEM_IRQHandler
                0x08003478                WWDG_IRQHandler
                0x08003478                DMA2_Channel6_IRQHandler
                0x08003478                TIM2_IRQHandler
                0x08003478                TIM1_BRK_IRQHandler
                0x08003478                DAC_IRQHandler
                0x08003478                EXTI1_IRQHandler
                0x08003478                AES_IRQHandler
                0x08003478                I2C2_ER_IRQHandler
                0x08003478                FLASH_IRQHandler
                0x08003478                I2C1_ER_IRQHandler
                0x08003478                LPTIM1_IRQHandler
                0x08003478                DMA2_Channel3_IRQHandler
 *fill*         0x0800347a        0x2 
 .text.HAL_Init
                0x0800347c       0x40 ./Drivers/STM32WLxx_HAL_Driver/Src/stm32wlxx_hal.o
                0x0800347c                HAL_Init
 .text.HAL_InitTick
                0x080034bc       0x74 ./Drivers/STM32WLxx_HAL_Driver/Src/stm32wlxx_hal.o
                0x080034bc                HAL_InitTick
 .text.HAL_IncTick
                0x08003530       0x24 ./Drivers/STM32WLxx_HAL_Driver/Src/stm32wlxx_hal.o
                0x08003530                HAL_IncTick
 .text.__NVIC_SetPriorityGrouping
                0x08003554       0x48 ./Drivers/STM32WLxx_HAL_Driver/Src/stm32wlxx_hal_cortex.o
 .text.__NVIC_GetPriorityGrouping
                0x0800359c       0x1c ./Drivers/STM32WLxx_HAL_Driver/Src/stm32wlxx_hal_cortex.o
 .text.__NVIC_EnableIRQ
                0x080035b8       0x38 ./Drivers/STM32WLxx_HAL_Driver/Src/stm32wlxx_hal_cortex.o
 .text.__NVIC_SetPriority
                0x080035f0       0x54 ./Drivers/STM32WLxx_HAL_Driver/Src/stm32wlxx_hal_cortex.o
 .text.NVIC_EncodePriority
                0x08003644       0x64 ./Drivers/STM32WLxx_HAL_Driver/Src/stm32wlxx_hal_cortex.o
 .text.SysTick_Config
                0x080036a8       0x44 ./Drivers/STM32WLxx_HAL_Driver/Src/stm32wlxx_hal_cortex.o
 .text.HAL_NVIC_SetPriorityGrouping
                0x080036ec       0x16 ./Drivers/STM32WLxx_HAL_Driver/Src/stm32wlxx_hal_cortex.o
                0x080036ec                HAL_NVIC_SetPriorityGrouping
 .text.HAL_NVIC_SetPriority
                0x08003702       0x34 ./Drivers/STM32WLxx_HAL_Driver/Src/stm32wlxx_hal_cortex.o
                0x08003702                HAL_NVIC_SetPriority
 .text.HAL_NVIC_EnableIRQ
                0x08003736       0x1c ./Drivers/STM32WLxx_HAL_Driver/Src/stm32wlxx_hal_cortex.o
                0x08003736                HAL_NVIC_EnableIRQ
 .text.HAL_SYSTICK_Config
                0x08003752       0x18 ./Drivers/STM32WLxx_HAL_Driver/Src/stm32wlxx_hal_cortex.o
                0x08003752                HAL_SYSTICK_Config
 *fill*         0x0800376a        0x2 
 .text.HAL_DMA_Init
                0x0800376c      0x150 ./Drivers/STM32WLxx_HAL_Driver/Src/stm32wlxx_hal_dma.o
                0x0800376c                HAL_DMA_Init
 .text.HAL_DMA_Start_IT
                0x080038bc       0xfc ./Drivers/STM32WLxx_HAL_Driver/Src/stm32wlxx_hal_dma.o
                0x080038bc                HAL_DMA_Start_IT
 .text.HAL_DMA_Abort
                0x080039b8       0xbc ./Drivers/STM32WLxx_HAL_Driver/Src/stm32wlxx_hal_dma.o
                0x080039b8                HAL_DMA_Abort
 .text.HAL_DMA_Abort_IT
                0x08003a74       0xbe ./Drivers/STM32WLxx_HAL_Driver/Src/stm32wlxx_hal_dma.o
                0x08003a74                HAL_DMA_Abort_IT
 *fill*         0x08003b32        0x2 
 .text.HAL_DMA_IRQHandler
                0x08003b34      0x18c ./Drivers/STM32WLxx_HAL_Driver/Src/stm32wlxx_hal_dma.o
                0x08003b34                HAL_DMA_IRQHandler
 .text.HAL_DMA_ConfigChannelAttributes
                0x08003cc0       0x5e ./Drivers/STM32WLxx_HAL_Driver/Src/stm32wlxx_hal_dma.o
                0x08003cc0                HAL_DMA_ConfigChannelAttributes
 .text.DMA_SetConfig
                0x08003d1e       0x7a ./Drivers/STM32WLxx_HAL_Driver/Src/stm32wlxx_hal_dma.o
 .text.DMA_CalcDMAMUXChannelBaseAndMask
                0x08003d98       0x90 ./Drivers/STM32WLxx_HAL_Driver/Src/stm32wlxx_hal_dma.o
 .text.DMA_CalcDMAMUXRequestGenBaseAndMask
                0x08003e28       0x48 ./Drivers/STM32WLxx_HAL_Driver/Src/stm32wlxx_hal_dma.o
 .text.HAL_GPIO_Init
                0x08003e70      0x2c0 ./Drivers/STM32WLxx_HAL_Driver/Src/stm32wlxx_hal_gpio.o
                0x08003e70                HAL_GPIO_Init
 .text.HAL_GPIO_WritePin
                0x08004130       0x2e ./Drivers/STM32WLxx_HAL_Driver/Src/stm32wlxx_hal_gpio.o
                0x08004130                HAL_GPIO_WritePin
 *fill*         0x0800415e        0x2 
 .text.HAL_PWR_EnableBkUpAccess
                0x08004160       0x1c ./Drivers/STM32WLxx_HAL_Driver/Src/stm32wlxx_hal_pwr.o
                0x08004160                HAL_PWR_EnableBkUpAccess
 .text.HAL_PWREx_GetVoltageRange
                0x0800417c       0x18 ./Drivers/STM32WLxx_HAL_Driver/Src/stm32wlxx_hal_pwr_ex.o
                0x0800417c                HAL_PWREx_GetVoltageRange
 .text.LL_PWR_IsEnabledBkUpAccess
                0x08004194       0x24 ./Drivers/STM32WLxx_HAL_Driver/Src/stm32wlxx_hal_rcc.o
 .text.LL_RCC_HSE_EnableTcxo
                0x080041b8       0x1c ./Drivers/STM32WLxx_HAL_Driver/Src/stm32wlxx_hal_rcc.o
 .text.LL_RCC_HSE_DisableTcxo
                0x080041d4       0x1c ./Drivers/STM32WLxx_HAL_Driver/Src/stm32wlxx_hal_rcc.o
 .text.LL_RCC_HSE_IsEnabledDiv2
                0x080041f0       0x22 ./Drivers/STM32WLxx_HAL_Driver/Src/stm32wlxx_hal_rcc.o
 .text.LL_RCC_HSE_Enable
                0x08004212       0x1c ./Drivers/STM32WLxx_HAL_Driver/Src/stm32wlxx_hal_rcc.o
 .text.LL_RCC_HSE_Disable
                0x0800422e       0x1c ./Drivers/STM32WLxx_HAL_Driver/Src/stm32wlxx_hal_rcc.o
 .text.LL_RCC_HSE_IsReady
                0x0800424a       0x22 ./Drivers/STM32WLxx_HAL_Driver/Src/stm32wlxx_hal_rcc.o
 .text.LL_RCC_HSI_Enable
                0x0800426c       0x1c ./Drivers/STM32WLxx_HAL_Driver/Src/stm32wlxx_hal_rcc.o
 .text.LL_RCC_HSI_Disable
                0x08004288       0x1c ./Drivers/STM32WLxx_HAL_Driver/Src/stm32wlxx_hal_rcc.o
 .text.LL_RCC_HSI_IsReady
                0x080042a4       0x22 ./Drivers/STM32WLxx_HAL_Driver/Src/stm32wlxx_hal_rcc.o
 .text.LL_RCC_HSI_SetCalibTrimming
                0x080042c6       0x28 ./Drivers/STM32WLxx_HAL_Driver/Src/stm32wlxx_hal_rcc.o
 .text.LL_RCC_LSE_IsReady
                0x080042ee       0x22 ./Drivers/STM32WLxx_HAL_Driver/Src/stm32wlxx_hal_rcc.o
 .text.LL_RCC_LSI_Enable
                0x08004310       0x20 ./Drivers/STM32WLxx_HAL_Driver/Src/stm32wlxx_hal_rcc.o
 .text.LL_RCC_LSI_Disable
                0x08004330       0x20 ./Drivers/STM32WLxx_HAL_Driver/Src/stm32wlxx_hal_rcc.o
 .text.LL_RCC_LSI_IsReady
                0x08004350       0x22 ./Drivers/STM32WLxx_HAL_Driver/Src/stm32wlxx_hal_rcc.o
 .text.LL_RCC_MSI_Enable
                0x08004372       0x1c ./Drivers/STM32WLxx_HAL_Driver/Src/stm32wlxx_hal_rcc.o
 .text.LL_RCC_MSI_Disable
                0x0800438e       0x1c ./Drivers/STM32WLxx_HAL_Driver/Src/stm32wlxx_hal_rcc.o
 .text.LL_RCC_MSI_IsReady
                0x080043aa       0x20 ./Drivers/STM32WLxx_HAL_Driver/Src/stm32wlxx_hal_rcc.o
 .text.LL_RCC_MSI_IsEnabledRangeSelect
                0x080043ca       0x20 ./Drivers/STM32WLxx_HAL_Driver/Src/stm32wlxx_hal_rcc.o
 .text.LL_RCC_MSI_GetRange
                0x080043ea       0x16 ./Drivers/STM32WLxx_HAL_Driver/Src/stm32wlxx_hal_rcc.o
 .text.LL_RCC_MSI_GetRangeAfterStandby
                0x08004400       0x18 ./Drivers/STM32WLxx_HAL_Driver/Src/stm32wlxx_hal_rcc.o
 .text.LL_RCC_MSI_SetCalibTrimming
                0x08004418       0x28 ./Drivers/STM32WLxx_HAL_Driver/Src/stm32wlxx_hal_rcc.o
 .text.LL_RCC_SetSysClkSource
                0x08004440       0x26 ./Drivers/STM32WLxx_HAL_Driver/Src/stm32wlxx_hal_rcc.o
 .text.LL_RCC_GetSysClkSource
                0x08004466       0x16 ./Drivers/STM32WLxx_HAL_Driver/Src/stm32wlxx_hal_rcc.o
 .text.LL_RCC_SetAHBPrescaler
                0x0800447c       0x26 ./Drivers/STM32WLxx_HAL_Driver/Src/stm32wlxx_hal_rcc.o
 .text.LL_C2_RCC_SetAHBPrescaler
                0x080044a2       0x2a ./Drivers/STM32WLxx_HAL_Driver/Src/stm32wlxx_hal_rcc.o
 .text.LL_RCC_SetAHB3Prescaler
                0x080044cc       0x2c ./Drivers/STM32WLxx_HAL_Driver/Src/stm32wlxx_hal_rcc.o
 .text.LL_RCC_SetAPB1Prescaler
                0x080044f8       0x26 ./Drivers/STM32WLxx_HAL_Driver/Src/stm32wlxx_hal_rcc.o
 .text.LL_RCC_SetAPB2Prescaler
                0x0800451e       0x26 ./Drivers/STM32WLxx_HAL_Driver/Src/stm32wlxx_hal_rcc.o
 .text.LL_RCC_GetAHBPrescaler
                0x08004544       0x16 ./Drivers/STM32WLxx_HAL_Driver/Src/stm32wlxx_hal_rcc.o
 .text.LL_RCC_GetAHB3Prescaler
                0x0800455a       0x1a ./Drivers/STM32WLxx_HAL_Driver/Src/stm32wlxx_hal_rcc.o
 .text.LL_RCC_GetAPB1Prescaler
                0x08004574       0x16 ./Drivers/STM32WLxx_HAL_Driver/Src/stm32wlxx_hal_rcc.o
 .text.LL_RCC_GetAPB2Prescaler
                0x0800458a       0x16 ./Drivers/STM32WLxx_HAL_Driver/Src/stm32wlxx_hal_rcc.o
 .text.LL_RCC_PLL_Enable
                0x080045a0       0x1c ./Drivers/STM32WLxx_HAL_Driver/Src/stm32wlxx_hal_rcc.o
 .text.LL_RCC_PLL_Disable
                0x080045bc       0x1c ./Drivers/STM32WLxx_HAL_Driver/Src/stm32wlxx_hal_rcc.o
 .text.LL_RCC_PLL_IsReady
                0x080045d8       0x22 ./Drivers/STM32WLxx_HAL_Driver/Src/stm32wlxx_hal_rcc.o
 .text.LL_RCC_PLL_GetN
                0x080045fa       0x18 ./Drivers/STM32WLxx_HAL_Driver/Src/stm32wlxx_hal_rcc.o
 .text.LL_RCC_PLL_GetR
                0x08004612       0x16 ./Drivers/STM32WLxx_HAL_Driver/Src/stm32wlxx_hal_rcc.o
 .text.LL_RCC_PLL_GetDivider
                0x08004628       0x16 ./Drivers/STM32WLxx_HAL_Driver/Src/stm32wlxx_hal_rcc.o
 .text.LL_RCC_PLL_GetMainSource
                0x0800463e       0x16 ./Drivers/STM32WLxx_HAL_Driver/Src/stm32wlxx_hal_rcc.o
 .text.LL_RCC_IsActiveFlag_HPRE
                0x08004654       0x22 ./Drivers/STM32WLxx_HAL_Driver/Src/stm32wlxx_hal_rcc.o
 .text.LL_RCC_IsActiveFlag_C2HPRE
                0x08004676       0x24 ./Drivers/STM32WLxx_HAL_Driver/Src/stm32wlxx_hal_rcc.o
 .text.LL_RCC_IsActiveFlag_SHDHPRE
                0x0800469a       0x24 ./Drivers/STM32WLxx_HAL_Driver/Src/stm32wlxx_hal_rcc.o
 .text.LL_RCC_IsActiveFlag_PPRE1
                0x080046be       0x22 ./Drivers/STM32WLxx_HAL_Driver/Src/stm32wlxx_hal_rcc.o
 .text.LL_RCC_IsActiveFlag_PPRE2
                0x080046e0       0x22 ./Drivers/STM32WLxx_HAL_Driver/Src/stm32wlxx_hal_rcc.o
 *fill*         0x08004702        0x2 
 .text.HAL_RCC_OscConfig
                0x08004704      0x704 ./Drivers/STM32WLxx_HAL_Driver/Src/stm32wlxx_hal_rcc.o
                0x08004704                HAL_RCC_OscConfig
 .text.HAL_RCC_ClockConfig
                0x08004e08      0x284 ./Drivers/STM32WLxx_HAL_Driver/Src/stm32wlxx_hal_rcc.o
                0x08004e08                HAL_RCC_ClockConfig
 .text.HAL_RCC_GetSysClockFreq
                0x0800508c      0x140 ./Drivers/STM32WLxx_HAL_Driver/Src/stm32wlxx_hal_rcc.o
                0x0800508c                HAL_RCC_GetSysClockFreq
 .text.HAL_RCC_GetHCLKFreq
                0x080051cc       0x28 ./Drivers/STM32WLxx_HAL_Driver/Src/stm32wlxx_hal_rcc.o
                0x080051cc                HAL_RCC_GetHCLKFreq
 .text.HAL_RCC_GetPCLK1Freq
                0x080051f4       0x24 ./Drivers/STM32WLxx_HAL_Driver/Src/stm32wlxx_hal_rcc.o
                0x080051f4                HAL_RCC_GetPCLK1Freq
 .text.HAL_RCC_GetPCLK2Freq
                0x08005218       0x24 ./Drivers/STM32WLxx_HAL_Driver/Src/stm32wlxx_hal_rcc.o
                0x08005218                HAL_RCC_GetPCLK2Freq
 .text.RCC_SetFlashLatencyFromMSIRange
                0x0800523c       0x60 ./Drivers/STM32WLxx_HAL_Driver/Src/stm32wlxx_hal_rcc.o
 .text.RCC_SetFlashLatency
                0x0800529c      0x104 ./Drivers/STM32WLxx_HAL_Driver/Src/stm32wlxx_hal_rcc.o
 .text.LL_RCC_LSE_IsReady
                0x080053a0       0x22 ./Drivers/STM32WLxx_HAL_Driver/Src/stm32wlxx_hal_rcc_ex.o
 .text.LL_RCC_SetUSARTClockSource
                0x080053c2       0x30 ./Drivers/STM32WLxx_HAL_Driver/Src/stm32wlxx_hal_rcc_ex.o
 .text.LL_RCC_SetI2SClockSource
                0x080053f2       0x2a ./Drivers/STM32WLxx_HAL_Driver/Src/stm32wlxx_hal_rcc_ex.o
 .text.LL_RCC_SetLPUARTClockSource
                0x0800541c       0x2a ./Drivers/STM32WLxx_HAL_Driver/Src/stm32wlxx_hal_rcc_ex.o
 .text.LL_RCC_SetI2CClockSource
                0x08005446       0x38 ./Drivers/STM32WLxx_HAL_Driver/Src/stm32wlxx_hal_rcc_ex.o
 .text.LL_RCC_SetLPTIMClockSource
                0x0800547e       0x32 ./Drivers/STM32WLxx_HAL_Driver/Src/stm32wlxx_hal_rcc_ex.o
 .text.LL_RCC_SetRNGClockSource
                0x080054b0       0x2a ./Drivers/STM32WLxx_HAL_Driver/Src/stm32wlxx_hal_rcc_ex.o
 .text.LL_RCC_SetADCClockSource
                0x080054da       0x2a ./Drivers/STM32WLxx_HAL_Driver/Src/stm32wlxx_hal_rcc_ex.o
 .text.LL_RCC_SetRTCClockSource
                0x08005504       0x2a ./Drivers/STM32WLxx_HAL_Driver/Src/stm32wlxx_hal_rcc_ex.o
 .text.LL_RCC_GetRTCClockSource
                0x0800552e       0x18 ./Drivers/STM32WLxx_HAL_Driver/Src/stm32wlxx_hal_rcc_ex.o
 .text.LL_RCC_ForceBackupDomainReset
                0x08005546       0x20 ./Drivers/STM32WLxx_HAL_Driver/Src/stm32wlxx_hal_rcc_ex.o
 .text.LL_RCC_ReleaseBackupDomainReset
                0x08005566       0x20 ./Drivers/STM32WLxx_HAL_Driver/Src/stm32wlxx_hal_rcc_ex.o
 *fill*         0x08005586        0x2 
 .text.HAL_RCCEx_PeriphCLKConfig
                0x08005588      0x234 ./Drivers/STM32WLxx_HAL_Driver/Src/stm32wlxx_hal_rcc_ex.o
                0x08005588                HAL_RCCEx_PeriphCLKConfig
 .text.LL_PWR_SetRadioBusyTrigger
                0x080057bc       0x28 ./Drivers/STM32WLxx_HAL_Driver/Src/stm32wlxx_hal_subghz.o
 .text.LL_PWR_UnselectSUBGHZSPI_NSS
                0x080057e4       0x20 ./Drivers/STM32WLxx_HAL_Driver/Src/stm32wlxx_hal_subghz.o
 .text.LL_PWR_SelectSUBGHZSPI_NSS
                0x08005804       0x20 ./Drivers/STM32WLxx_HAL_Driver/Src/stm32wlxx_hal_subghz.o
 .text.LL_PWR_ClearFlag_RFBUSY
                0x08005824       0x18 ./Drivers/STM32WLxx_HAL_Driver/Src/stm32wlxx_hal_subghz.o
 .text.LL_PWR_IsActiveFlag_RFBUSYS
                0x0800583c       0x24 ./Drivers/STM32WLxx_HAL_Driver/Src/stm32wlxx_hal_subghz.o
 .text.LL_PWR_IsActiveFlag_RFBUSYMS
                0x08005860       0x24 ./Drivers/STM32WLxx_HAL_Driver/Src/stm32wlxx_hal_subghz.o
 .text.LL_RCC_RF_DisableReset
                0x08005884       0x20 ./Drivers/STM32WLxx_HAL_Driver/Src/stm32wlxx_hal_subghz.o
 .text.LL_RCC_IsRFUnderReset
                0x080058a4       0x24 ./Drivers/STM32WLxx_HAL_Driver/Src/stm32wlxx_hal_subghz.o
 .text.LL_EXTI_EnableIT_32_63
                0x080058c8       0x28 ./Drivers/STM32WLxx_HAL_Driver/Src/stm32wlxx_hal_subghz.o
 .text.HAL_SUBGHZ_Init
                0x080058f0       0xc8 ./Drivers/STM32WLxx_HAL_Driver/Src/stm32wlxx_hal_subghz.o
                0x080058f0                HAL_SUBGHZ_Init
 .text.HAL_SUBGHZ_WriteRegisters
                0x080059b8       0xbe ./Drivers/STM32WLxx_HAL_Driver/Src/stm32wlxx_hal_subghz.o
                0x080059b8                HAL_SUBGHZ_WriteRegisters
 .text.HAL_SUBGHZ_ReadRegisters
                0x08005a76       0xc2 ./Drivers/STM32WLxx_HAL_Driver/Src/stm32wlxx_hal_subghz.o
                0x08005a76                HAL_SUBGHZ_ReadRegisters
 .text.HAL_SUBGHZ_ExecSetCmd
                0x08005b38       0xbe ./Drivers/STM32WLxx_HAL_Driver/Src/stm32wlxx_hal_subghz.o
                0x08005b38                HAL_SUBGHZ_ExecSetCmd
 .text.HAL_SUBGHZ_ExecGetCmd
                0x08005bf6       0xa8 ./Drivers/STM32WLxx_HAL_Driver/Src/stm32wlxx_hal_subghz.o
                0x08005bf6                HAL_SUBGHZ_ExecGetCmd
 .text.HAL_SUBGHZ_WriteBuffer
                0x08005c9e       0xa6 ./Drivers/STM32WLxx_HAL_Driver/Src/stm32wlxx_hal_subghz.o
                0x08005c9e                HAL_SUBGHZ_WriteBuffer
 .text.HAL_SUBGHZ_ReadBuffer
                0x08005d44       0xb0 ./Drivers/STM32WLxx_HAL_Driver/Src/stm32wlxx_hal_subghz.o
                0x08005d44                HAL_SUBGHZ_ReadBuffer
 .text.HAL_SUBGHZ_IRQHandler
                0x08005df4       0xfa ./Drivers/STM32WLxx_HAL_Driver/Src/stm32wlxx_hal_subghz.o
                0x08005df4                HAL_SUBGHZ_IRQHandler
 *fill*         0x08005eee        0x2 
 .text.SUBGHZSPI_Init
                0x08005ef0       0x40 ./Drivers/STM32WLxx_HAL_Driver/Src/stm32wlxx_hal_subghz.o
                0x08005ef0                SUBGHZSPI_Init
 .text.SUBGHZSPI_Transmit
                0x08005f30       0xac ./Drivers/STM32WLxx_HAL_Driver/Src/stm32wlxx_hal_subghz.o
                0x08005f30                SUBGHZSPI_Transmit
 .text.SUBGHZSPI_Receive
                0x08005fdc       0xb0 ./Drivers/STM32WLxx_HAL_Driver/Src/stm32wlxx_hal_subghz.o
                0x08005fdc                SUBGHZSPI_Receive
 .text.SUBGHZ_CheckDeviceReady
                0x0800608c       0x48 ./Drivers/STM32WLxx_HAL_Driver/Src/stm32wlxx_hal_subghz.o
                0x0800608c                SUBGHZ_CheckDeviceReady
 .text.SUBGHZ_WaitOnBusy
                0x080060d4       0x5c ./Drivers/STM32WLxx_HAL_Driver/Src/stm32wlxx_hal_subghz.o
                0x080060d4                SUBGHZ_WaitOnBusy
 .text.HAL_TIM_Base_Init
                0x08006130       0xae ./Drivers/STM32WLxx_HAL_Driver/Src/stm32wlxx_hal_tim.o
                0x08006130                HAL_TIM_Base_Init
 *fill*         0x080061de        0x2 
 .text.HAL_TIM_Base_Start
                0x080061e0       0x88 ./Drivers/STM32WLxx_HAL_Driver/Src/stm32wlxx_hal_tim.o
                0x080061e0                HAL_TIM_Base_Start
 .text.HAL_TIM_Base_Start_IT
                0x08006268       0x98 ./Drivers/STM32WLxx_HAL_Driver/Src/stm32wlxx_hal_tim.o
                0x08006268                HAL_TIM_Base_Start_IT
 .text.HAL_TIM_Base_Stop_IT
                0x08006300       0x5c ./Drivers/STM32WLxx_HAL_Driver/Src/stm32wlxx_hal_tim.o
                0x08006300                HAL_TIM_Base_Stop_IT
 .text.HAL_TIM_IRQHandler
                0x0800635c      0x23e ./Drivers/STM32WLxx_HAL_Driver/Src/stm32wlxx_hal_tim.o
                0x0800635c                HAL_TIM_IRQHandler
 .text.HAL_TIM_ConfigClockSource
                0x0800659a      0x192 ./Drivers/STM32WLxx_HAL_Driver/Src/stm32wlxx_hal_tim.o
                0x0800659a                HAL_TIM_ConfigClockSource
 .text.HAL_TIM_OC_DelayElapsedCallback
                0x0800672c       0x12 ./Drivers/STM32WLxx_HAL_Driver/Src/stm32wlxx_hal_tim.o
                0x0800672c                HAL_TIM_OC_DelayElapsedCallback
 .text.HAL_TIM_IC_CaptureCallback
                0x0800673e       0x12 ./Drivers/STM32WLxx_HAL_Driver/Src/stm32wlxx_hal_tim.o
                0x0800673e                HAL_TIM_IC_CaptureCallback
 .text.HAL_TIM_PWM_PulseFinishedCallback
                0x08006750       0x12 ./Drivers/STM32WLxx_HAL_Driver/Src/stm32wlxx_hal_tim.o
                0x08006750                HAL_TIM_PWM_PulseFinishedCallback
 .text.HAL_TIM_TriggerCallback
                0x08006762       0x12 ./Drivers/STM32WLxx_HAL_Driver/Src/stm32wlxx_hal_tim.o
                0x08006762                HAL_TIM_TriggerCallback
 .text.TIM_Base_SetConfig
                0x08006774       0xc4 ./Drivers/STM32WLxx_HAL_Driver/Src/stm32wlxx_hal_tim.o
                0x08006774                TIM_Base_SetConfig
 .text.TIM_TI1_ConfigInputStage
                0x08006838       0x5c ./Drivers/STM32WLxx_HAL_Driver/Src/stm32wlxx_hal_tim.o
 .text.TIM_TI2_ConfigInputStage
                0x08006894       0x5e ./Drivers/STM32WLxx_HAL_Driver/Src/stm32wlxx_hal_tim.o
 .text.TIM_ITRx_SetConfig
                0x080068f2       0x38 ./Drivers/STM32WLxx_HAL_Driver/Src/stm32wlxx_hal_tim.o
 .text.TIM_ETR_SetConfig
                0x0800692a       0x3e ./Drivers/STM32WLxx_HAL_Driver/Src/stm32wlxx_hal_tim.o
                0x0800692a                TIM_ETR_SetConfig
 .text.HAL_TIMEx_MasterConfigSynchronization
                0x08006968       0xbc ./Drivers/STM32WLxx_HAL_Driver/Src/stm32wlxx_hal_tim_ex.o
                0x08006968                HAL_TIMEx_MasterConfigSynchronization
 .text.HAL_TIMEx_CommutCallback
                0x08006a24       0x12 ./Drivers/STM32WLxx_HAL_Driver/Src/stm32wlxx_hal_tim_ex.o
                0x08006a24                HAL_TIMEx_CommutCallback
 .text.HAL_TIMEx_BreakCallback
                0x08006a36       0x12 ./Drivers/STM32WLxx_HAL_Driver/Src/stm32wlxx_hal_tim_ex.o
                0x08006a36                HAL_TIMEx_BreakCallback
 .text.HAL_TIMEx_Break2Callback
                0x08006a48       0x12 ./Drivers/STM32WLxx_HAL_Driver/Src/stm32wlxx_hal_tim_ex.o
                0x08006a48                HAL_TIMEx_Break2Callback
 .text.LL_RCC_GetUSARTClockSource
                0x08006a5a       0x24 ./Drivers/STM32WLxx_HAL_Driver/Src/stm32wlxx_hal_uart.o
 .text.LL_RCC_GetLPUARTClockSource
                0x08006a7e       0x1e ./Drivers/STM32WLxx_HAL_Driver/Src/stm32wlxx_hal_uart.o
 .text.HAL_UART_Init
                0x08006a9c       0xa0 ./Drivers/STM32WLxx_HAL_Driver/Src/stm32wlxx_hal_uart.o
                0x08006a9c                HAL_UART_Init
 .text.HAL_UART_Transmit
                0x08006b3c      0x10c ./Drivers/STM32WLxx_HAL_Driver/Src/stm32wlxx_hal_uart.o
                0x08006b3c                HAL_UART_Transmit
 .text.HAL_UART_Receive
                0x08006c48      0x188 ./Drivers/STM32WLxx_HAL_Driver/Src/stm32wlxx_hal_uart.o
                0x08006c48                HAL_UART_Receive
 .text.HAL_UART_Receive_DMA
                0x08006dd0       0x98 ./Drivers/STM32WLxx_HAL_Driver/Src/stm32wlxx_hal_uart.o
                0x08006dd0                HAL_UART_Receive_DMA
 .text.HAL_UART_IRQHandler
                0x08006e68      0x648 ./Drivers/STM32WLxx_HAL_Driver/Src/stm32wlxx_hal_uart.o
                0x08006e68                HAL_UART_IRQHandler
 .text.HAL_UART_TxCpltCallback
                0x080074b0       0x12 ./Drivers/STM32WLxx_HAL_Driver/Src/stm32wlxx_hal_uart.o
                0x080074b0                HAL_UART_TxCpltCallback
 .text.HAL_UART_RxHalfCpltCallback
                0x080074c2       0x12 ./Drivers/STM32WLxx_HAL_Driver/Src/stm32wlxx_hal_uart.o
                0x080074c2                HAL_UART_RxHalfCpltCallback
 .text.HAL_UART_ErrorCallback
                0x080074d4       0x12 ./Drivers/STM32WLxx_HAL_Driver/Src/stm32wlxx_hal_uart.o
                0x080074d4                HAL_UART_ErrorCallback
 .text.HAL_UARTEx_RxEventCallback
                0x080074e6       0x16 ./Drivers/STM32WLxx_HAL_Driver/Src/stm32wlxx_hal_uart.o
                0x080074e6                HAL_UARTEx_RxEventCallback
 .text.UART_SetConfig
                0x080074fc      0x4e8 ./Drivers/STM32WLxx_HAL_Driver/Src/stm32wlxx_hal_uart.o
                0x080074fc                UART_SetConfig
 .text.UART_AdvFeatureConfig
                0x080079e4      0x142 ./Drivers/STM32WLxx_HAL_Driver/Src/stm32wlxx_hal_uart.o
                0x080079e4                UART_AdvFeatureConfig
 .text.UART_CheckIdleState
                0x08007b26       0x9c ./Drivers/STM32WLxx_HAL_Driver/Src/stm32wlxx_hal_uart.o
                0x08007b26                UART_CheckIdleState
 .text.UART_WaitOnFlagUntilTimeout
                0x08007bc2      0x190 ./Drivers/STM32WLxx_HAL_Driver/Src/stm32wlxx_hal_uart.o
                0x08007bc2                UART_WaitOnFlagUntilTimeout
 *fill*         0x08007d52        0x2 
 .text.UART_Start_Receive_DMA
                0x08007d54      0x14c ./Drivers/STM32WLxx_HAL_Driver/Src/stm32wlxx_hal_uart.o
                0x08007d54                UART_Start_Receive_DMA
 .text.UART_EndTxTransfer
                0x08007ea0       0x80 ./Drivers/STM32WLxx_HAL_Driver/Src/stm32wlxx_hal_uart.o
 .text.UART_EndRxTransfer
                0x08007f20       0xca ./Drivers/STM32WLxx_HAL_Driver/Src/stm32wlxx_hal_uart.o
 .text.UART_DMAReceiveCplt
                0x08007fea      0x12c ./Drivers/STM32WLxx_HAL_Driver/Src/stm32wlxx_hal_uart.o
 .text.UART_DMARxHalfCplt
                0x08008116       0x3e ./Drivers/STM32WLxx_HAL_Driver/Src/stm32wlxx_hal_uart.o
 .text.UART_DMAError
                0x08008154       0x80 ./Drivers/STM32WLxx_HAL_Driver/Src/stm32wlxx_hal_uart.o
 .text.UART_DMAAbortOnError
                0x080081d4       0x2c ./Drivers/STM32WLxx_HAL_Driver/Src/stm32wlxx_hal_uart.o
 .text.UART_EndTransmit_IT
                0x08008200       0x56 ./Drivers/STM32WLxx_HAL_Driver/Src/stm32wlxx_hal_uart.o
 .text.HAL_UARTEx_WakeupCallback
                0x08008256       0x12 ./Drivers/STM32WLxx_HAL_Driver/Src/stm32wlxx_hal_uart_ex.o
                0x08008256                HAL_UARTEx_WakeupCallback
 .text.HAL_UARTEx_RxFifoFullCallback
                0x08008268       0x12 ./Drivers/STM32WLxx_HAL_Driver/Src/stm32wlxx_hal_uart_ex.o
                0x08008268                HAL_UARTEx_RxFifoFullCallback
 .text.HAL_UARTEx_TxFifoEmptyCallback
                0x0800827a       0x12 ./Drivers/STM32WLxx_HAL_Driver/Src/stm32wlxx_hal_uart_ex.o
                0x0800827a                HAL_UARTEx_TxFifoEmptyCallback
 .text.HAL_UARTEx_DisableFifoMode
                0x0800828c       0x70 ./Drivers/STM32WLxx_HAL_Driver/Src/stm32wlxx_hal_uart_ex.o
                0x0800828c                HAL_UARTEx_DisableFifoMode
 .text.HAL_UARTEx_SetTxFifoThreshold
                0x080082fc       0x7c ./Drivers/STM32WLxx_HAL_Driver/Src/stm32wlxx_hal_uart_ex.o
                0x080082fc                HAL_UARTEx_SetTxFifoThreshold
 .text.HAL_UARTEx_SetRxFifoThreshold
                0x08008378       0x7c ./Drivers/STM32WLxx_HAL_Driver/Src/stm32wlxx_hal_uart_ex.o
                0x08008378                HAL_UARTEx_SetRxFifoThreshold
 .text.UARTEx_SetNbDataToProcess
                0x080083f4       0x98 ./Drivers/STM32WLxx_HAL_Driver/Src/stm32wlxx_hal_uart_ex.o
 .text.RadioInit
                0x0800848c       0xb8 ./Middlewares/Third_Party/SubGHz_Phy/stm32_radio_driver/radio.o
 .text.RadioGetStatus
                0x08008544       0x2e ./Middlewares/Third_Party/SubGHz_Phy/stm32_radio_driver/radio.o
 *fill*         0x08008572        0x2 
 .text.RadioSetModem
                0x08008574       0xb8 ./Middlewares/Third_Party/SubGHz_Phy/stm32_radio_driver/radio.o
 .text.RadioSetChannel
                0x0800862c       0x16 ./Middlewares/Third_Party/SubGHz_Phy/stm32_radio_driver/radio.o
 .text.RadioIsChannelFree
                0x08008642       0xb4 ./Middlewares/Third_Party/SubGHz_Phy/stm32_radio_driver/radio.o
 .text.RadioRandom
                0x080086f6       0x26 ./Middlewares/Third_Party/SubGHz_Phy/stm32_radio_driver/radio.o
 .text.RadioSetRxConfig
                0x0800871c      0x418 ./Middlewares/Third_Party/SubGHz_Phy/stm32_radio_driver/radio.o
 .text.RadioSetTxConfig
                0x08008b34      0x224 ./Middlewares/Third_Party/SubGHz_Phy/stm32_radio_driver/radio.o
 .text.RadioCheckRfFrequency
                0x08008d58       0x14 ./Middlewares/Third_Party/SubGHz_Phy/stm32_radio_driver/radio.o
 .text.RadioGetLoRaBandwidthInHz
                0x08008d6c       0xac ./Middlewares/Third_Party/SubGHz_Phy/stm32_radio_driver/radio.o
 .text.RadioGetGfskTimeOnAirNumerator
                0x08008e18       0x54 ./Middlewares/Third_Party/SubGHz_Phy/stm32_radio_driver/radio.o
 .text.RadioGetLoRaTimeOnAirNumerator
                0x08008e6c      0x102 ./Middlewares/Third_Party/SubGHz_Phy/stm32_radio_driver/radio.o
 *fill*         0x08008f6e        0x2 
 .text.RadioTimeOnAir
                0x08008f70       0xb0 ./Middlewares/Third_Party/SubGHz_Phy/stm32_radio_driver/radio.o
 .text.RadioSend
                0x08009020      0x1f0 ./Middlewares/Third_Party/SubGHz_Phy/stm32_radio_driver/radio.o
 .text.RadioSleep
                0x08009210       0x26 ./Middlewares/Third_Party/SubGHz_Phy/stm32_radio_driver/radio.o
 .text.RadioStandby
                0x08009236        0xe ./Middlewares/Third_Party/SubGHz_Phy/stm32_radio_driver/radio.o
 .text.RadioRx  0x08009244       0x80 ./Middlewares/Third_Party/SubGHz_Phy/stm32_radio_driver/radio.o
 .text.RadioRxBoosted
                0x080092c4       0x80 ./Middlewares/Third_Party/SubGHz_Phy/stm32_radio_driver/radio.o
 .text.RadioSetRxDutyCycle
                0x08009344       0x48 ./Middlewares/Third_Party/SubGHz_Phy/stm32_radio_driver/radio.o
 .text.RadioStartCad
                0x0800938c       0x30 ./Middlewares/Third_Party/SubGHz_Phy/stm32_radio_driver/radio.o
 .text.RadioSetTxContinuousWave
                0x080093bc       0x64 ./Middlewares/Third_Party/SubGHz_Phy/stm32_radio_driver/radio.o
 .text.RadioRssi
                0x08009420       0x18 ./Middlewares/Third_Party/SubGHz_Phy/stm32_radio_driver/radio.o
 .text.RadioWrite
                0x08009438       0x24 ./Middlewares/Third_Party/SubGHz_Phy/stm32_radio_driver/radio.o
 .text.RadioRead
                0x0800945c       0x1c ./Middlewares/Third_Party/SubGHz_Phy/stm32_radio_driver/radio.o
 .text.RadioWriteRegisters
                0x08009478       0x26 ./Middlewares/Third_Party/SubGHz_Phy/stm32_radio_driver/radio.o
 .text.RadioReadRegisters
                0x0800949e       0x26 ./Middlewares/Third_Party/SubGHz_Phy/stm32_radio_driver/radio.o
 .text.RadioSetMaxPayloadLength
                0x080094c4       0x5c ./Middlewares/Third_Party/SubGHz_Phy/stm32_radio_driver/radio.o
 .text.RadioSetPublicNetwork
                0x08009520       0x5c ./Middlewares/Third_Party/SubGHz_Phy/stm32_radio_driver/radio.o
 .text.RadioGetWakeupTime
                0x0800957c       0x10 ./Middlewares/Third_Party/SubGHz_Phy/stm32_radio_driver/radio.o
 .text.RadioOnTxTimeoutIrq
                0x0800958c       0x14 ./Middlewares/Third_Party/SubGHz_Phy/stm32_radio_driver/radio.o
 .text.RadioOnRxTimeoutIrq
                0x080095a0       0x14 ./Middlewares/Third_Party/SubGHz_Phy/stm32_radio_driver/radio.o
 .text.RadioOnTxTimeoutProcess
                0x080095b4       0x28 ./Middlewares/Third_Party/SubGHz_Phy/stm32_radio_driver/radio.o
 .text.RadioOnRxTimeoutProcess
                0x080095dc       0x28 ./Middlewares/Third_Party/SubGHz_Phy/stm32_radio_driver/radio.o
 .text.RadioOnDioIrq
                0x08009604       0x24 ./Middlewares/Third_Party/SubGHz_Phy/stm32_radio_driver/radio.o
 .text.RadioIrqProcess
                0x08009628      0x3e8 ./Middlewares/Third_Party/SubGHz_Phy/stm32_radio_driver/radio.o
 .text.RadioTxPrbs
                0x08009a10       0x38 ./Middlewares/Third_Party/SubGHz_Phy/stm32_radio_driver/radio.o
 .text.RadioTxCw
                0x08009a48       0x38 ./Middlewares/Third_Party/SubGHz_Phy/stm32_radio_driver/radio.o
 .text.payload_integration
                0x08009a80      0x120 ./Middlewares/Third_Party/SubGHz_Phy/stm32_radio_driver/radio.o
 .text.RadioSetRxGenericConfig
                0x08009ba0      0x388 ./Middlewares/Third_Party/SubGHz_Phy/stm32_radio_driver/radio.o
 .text.RadioSetTxGenericConfig
                0x08009f28      0x46c ./Middlewares/Third_Party/SubGHz_Phy/stm32_radio_driver/radio.o
 .text.RadioLrFhssSetCfg
                0x0800a394       0x18 ./Middlewares/Third_Party/SubGHz_Phy/stm32_radio_driver/radio.o
 .text.RadioLrFhssGetTimeOnAirInMs
                0x0800a3ac       0x16 ./Middlewares/Third_Party/SubGHz_Phy/stm32_radio_driver/radio.o
 *fill*         0x0800a3c2        0x2 
 .text.SUBGRF_Init
                0x0800a3c4       0x90 ./Middlewares/Third_Party/SubGHz_Phy/stm32_radio_driver/radio_driver.o
                0x0800a3c4                SUBGRF_Init
 .text.SUBGRF_GetOperatingMode
                0x0800a454       0x14 ./Middlewares/Third_Party/SubGHz_Phy/stm32_radio_driver/radio_driver.o
                0x0800a454                SUBGRF_GetOperatingMode
 .text.SUBGRF_SetPayload
                0x0800a468       0x20 ./Middlewares/Third_Party/SubGHz_Phy/stm32_radio_driver/radio_driver.o
                0x0800a468                SUBGRF_SetPayload
 .text.SUBGRF_GetPayload
                0x0800a488       0x44 ./Middlewares/Third_Party/SubGHz_Phy/stm32_radio_driver/radio_driver.o
                0x0800a488                SUBGRF_GetPayload
 .text.SUBGRF_SendPayload
                0x0800a4cc       0x26 ./Middlewares/Third_Party/SubGHz_Phy/stm32_radio_driver/radio_driver.o
                0x0800a4cc                SUBGRF_SendPayload
 .text.SUBGRF_SetSyncWord
                0x0800a4f2       0x1e ./Middlewares/Third_Party/SubGHz_Phy/stm32_radio_driver/radio_driver.o
                0x0800a4f2                SUBGRF_SetSyncWord
 .text.SUBGRF_SetCrcSeed
                0x0800a510       0x40 ./Middlewares/Third_Party/SubGHz_Phy/stm32_radio_driver/radio_driver.o
                0x0800a510                SUBGRF_SetCrcSeed
 .text.SUBGRF_SetCrcPolynomial
                0x0800a550       0x40 ./Middlewares/Third_Party/SubGHz_Phy/stm32_radio_driver/radio_driver.o
                0x0800a550                SUBGRF_SetCrcPolynomial
 .text.SUBGRF_SetWhiteningSeed
                0x0800a590       0x66 ./Middlewares/Third_Party/SubGHz_Phy/stm32_radio_driver/radio_driver.o
                0x0800a590                SUBGRF_SetWhiteningSeed
 .text.SUBGRF_GetRandom
                0x0800a5f6       0x8c ./Middlewares/Third_Party/SubGHz_Phy/stm32_radio_driver/radio_driver.o
                0x0800a5f6                SUBGRF_GetRandom
 *fill*         0x0800a682        0x2 
 .text.SUBGRF_SetSleep
                0x0800a684       0x64 ./Middlewares/Third_Party/SubGHz_Phy/stm32_radio_driver/radio_driver.o
                0x0800a684                SUBGRF_SetSleep
 .text.SUBGRF_SetStandby
                0x0800a6e8       0x38 ./Middlewares/Third_Party/SubGHz_Phy/stm32_radio_driver/radio_driver.o
                0x0800a6e8                SUBGRF_SetStandby
 .text.SUBGRF_SetTx
                0x0800a720       0x40 ./Middlewares/Third_Party/SubGHz_Phy/stm32_radio_driver/radio_driver.o
                0x0800a720                SUBGRF_SetTx
 .text.SUBGRF_SetRx
                0x0800a760       0x40 ./Middlewares/Third_Party/SubGHz_Phy/stm32_radio_driver/radio_driver.o
                0x0800a760                SUBGRF_SetRx
 .text.SUBGRF_SetRxBoosted
                0x0800a7a0       0x48 ./Middlewares/Third_Party/SubGHz_Phy/stm32_radio_driver/radio_driver.o
                0x0800a7a0                SUBGRF_SetRxBoosted
 .text.SUBGRF_SetRxDutyCycle
                0x0800a7e8       0x58 ./Middlewares/Third_Party/SubGHz_Phy/stm32_radio_driver/radio_driver.o
                0x0800a7e8                SUBGRF_SetRxDutyCycle
 .text.SUBGRF_SetCad
                0x0800a840       0x1c ./Middlewares/Third_Party/SubGHz_Phy/stm32_radio_driver/radio_driver.o
                0x0800a840                SUBGRF_SetCad
 .text.SUBGRF_SetTxContinuousWave
                0x0800a85c       0x12 ./Middlewares/Third_Party/SubGHz_Phy/stm32_radio_driver/radio_driver.o
                0x0800a85c                SUBGRF_SetTxContinuousWave
 .text.SUBGRF_SetTxInfinitePreamble
                0x0800a86e       0x12 ./Middlewares/Third_Party/SubGHz_Phy/stm32_radio_driver/radio_driver.o
                0x0800a86e                SUBGRF_SetTxInfinitePreamble
 .text.SUBGRF_SetStopRxTimerOnPreambleDetect
                0x0800a880       0x1e ./Middlewares/Third_Party/SubGHz_Phy/stm32_radio_driver/radio_driver.o
                0x0800a880                SUBGRF_SetStopRxTimerOnPreambleDetect
 .text.SUBGRF_SetLoRaSymbNumTimeout
                0x0800a89e       0x5e ./Middlewares/Third_Party/SubGHz_Phy/stm32_radio_driver/radio_driver.o
                0x0800a89e                SUBGRF_SetLoRaSymbNumTimeout
 .text.SUBGRF_SetRegulatorMode
                0x0800a8fc       0x2e ./Middlewares/Third_Party/SubGHz_Phy/stm32_radio_driver/radio_driver.o
                0x0800a8fc                SUBGRF_SetRegulatorMode
 .text.SUBGRF_Calibrate
                0x0800a92a       0x8c ./Middlewares/Third_Party/SubGHz_Phy/stm32_radio_driver/radio_driver.o
                0x0800a92a                SUBGRF_Calibrate
 *fill*         0x0800a9b6        0x2 
 .text.SUBGRF_CalibrateImage
                0x0800a9b8       0x94 ./Middlewares/Third_Party/SubGHz_Phy/stm32_radio_driver/radio_driver.o
                0x0800a9b8                SUBGRF_CalibrateImage
 .text.SUBGRF_SetPaConfig
                0x0800aa4c       0x44 ./Middlewares/Third_Party/SubGHz_Phy/stm32_radio_driver/radio_driver.o
                0x0800aa4c                SUBGRF_SetPaConfig
 .text.SUBGRF_SetDioIrqParams
                0x0800aa90       0x74 ./Middlewares/Third_Party/SubGHz_Phy/stm32_radio_driver/radio_driver.o
                0x0800aa90                SUBGRF_SetDioIrqParams
 .text.SUBGRF_SetTcxoMode
                0x0800ab04       0x42 ./Middlewares/Third_Party/SubGHz_Phy/stm32_radio_driver/radio_driver.o
                0x0800ab04                SUBGRF_SetTcxoMode
 *fill*         0x0800ab46        0x2 
 .text.SUBGRF_SetRfFrequency
                0x0800ab48       0x8c ./Middlewares/Third_Party/SubGHz_Phy/stm32_radio_driver/radio_driver.o
                0x0800ab48                SUBGRF_SetRfFrequency
 .text.SUBGRF_SetPacketType
                0x0800abd4       0x38 ./Middlewares/Third_Party/SubGHz_Phy/stm32_radio_driver/radio_driver.o
                0x0800abd4                SUBGRF_SetPacketType
 .text.SUBGRF_GetPacketType
                0x0800ac0c       0x14 ./Middlewares/Third_Party/SubGHz_Phy/stm32_radio_driver/radio_driver.o
                0x0800ac0c                SUBGRF_GetPacketType
 .text.SUBGRF_SetTxParams
                0x0800ac20      0x19a ./Middlewares/Third_Party/SubGHz_Phy/stm32_radio_driver/radio_driver.o
                0x0800ac20                SUBGRF_SetTxParams
 *fill*         0x0800adba        0x2 
 .text.SUBGRF_SetModulationParams
                0x0800adbc      0x1a4 ./Middlewares/Third_Party/SubGHz_Phy/stm32_radio_driver/radio_driver.o
                0x0800adbc                SUBGRF_SetModulationParams
 .text.SUBGRF_SetPacketParams
                0x0800af60      0x13c ./Middlewares/Third_Party/SubGHz_Phy/stm32_radio_driver/radio_driver.o
                0x0800af60                SUBGRF_SetPacketParams
 .text.SUBGRF_SetBufferBaseAddress
                0x0800b09c       0x2e ./Middlewares/Third_Party/SubGHz_Phy/stm32_radio_driver/radio_driver.o
                0x0800b09c                SUBGRF_SetBufferBaseAddress
 .text.SUBGRF_GetRssiInst
                0x0800b0ca       0x2a ./Middlewares/Third_Party/SubGHz_Phy/stm32_radio_driver/radio_driver.o
                0x0800b0ca                SUBGRF_GetRssiInst
 .text.SUBGRF_GetRxBufferStatus
                0x0800b0f4       0x58 ./Middlewares/Third_Party/SubGHz_Phy/stm32_radio_driver/radio_driver.o
                0x0800b0f4                SUBGRF_GetRxBufferStatus
 .text.SUBGRF_GetPacketStatus
                0x0800b14c       0xa4 ./Middlewares/Third_Party/SubGHz_Phy/stm32_radio_driver/radio_driver.o
                0x0800b14c                SUBGRF_GetPacketStatus
 .text.SUBGRF_WriteRegister
                0x0800b1f0       0x28 ./Middlewares/Third_Party/SubGHz_Phy/stm32_radio_driver/radio_driver.o
                0x0800b1f0                SUBGRF_WriteRegister
 .text.SUBGRF_ReadRegister
                0x0800b218       0x28 ./Middlewares/Third_Party/SubGHz_Phy/stm32_radio_driver/radio_driver.o
                0x0800b218                SUBGRF_ReadRegister
 .text.SUBGRF_WriteRegisters
                0x0800b240       0x44 ./Middlewares/Third_Party/SubGHz_Phy/stm32_radio_driver/radio_driver.o
                0x0800b240                SUBGRF_WriteRegisters
 .text.SUBGRF_ReadRegisters
                0x0800b284       0x44 ./Middlewares/Third_Party/SubGHz_Phy/stm32_radio_driver/radio_driver.o
                0x0800b284                SUBGRF_ReadRegisters
 .text.SUBGRF_WriteBuffer
                0x0800b2c8       0x44 ./Middlewares/Third_Party/SubGHz_Phy/stm32_radio_driver/radio_driver.o
                0x0800b2c8                SUBGRF_WriteBuffer
 .text.SUBGRF_ReadBuffer
                0x0800b30c       0x44 ./Middlewares/Third_Party/SubGHz_Phy/stm32_radio_driver/radio_driver.o
                0x0800b30c                SUBGRF_ReadBuffer
 .text.SUBGRF_WriteCommand
                0x0800b350       0x44 ./Middlewares/Third_Party/SubGHz_Phy/stm32_radio_driver/radio_driver.o
                0x0800b350                SUBGRF_WriteCommand
 .text.SUBGRF_ReadCommand
                0x0800b394       0x44 ./Middlewares/Third_Party/SubGHz_Phy/stm32_radio_driver/radio_driver.o
                0x0800b394                SUBGRF_ReadCommand
 .text.SUBGRF_SetSwitch
                0x0800b3d8       0x50 ./Middlewares/Third_Party/SubGHz_Phy/stm32_radio_driver/radio_driver.o
                0x0800b3d8                SUBGRF_SetSwitch
 .text.SUBGRF_SetRfTxPower
                0x0800b428       0x68 ./Middlewares/Third_Party/SubGHz_Phy/stm32_radio_driver/radio_driver.o
                0x0800b428                SUBGRF_SetRfTxPower
 .text.SUBGRF_GetRadioWakeUpTime
                0x0800b490        0xe ./Middlewares/Third_Party/SubGHz_Phy/stm32_radio_driver/radio_driver.o
                0x0800b490                SUBGRF_GetRadioWakeUpTime
 *fill*         0x0800b49e        0x2 
 .text.HAL_SUBGHZ_TxCpltCallback
                0x0800b4a0       0x1c ./Middlewares/Third_Party/SubGHz_Phy/stm32_radio_driver/radio_driver.o
                0x0800b4a0                HAL_SUBGHZ_TxCpltCallback
 .text.HAL_SUBGHZ_RxCpltCallback
                0x0800b4bc       0x1c ./Middlewares/Third_Party/SubGHz_Phy/stm32_radio_driver/radio_driver.o
                0x0800b4bc                HAL_SUBGHZ_RxCpltCallback
 .text.HAL_SUBGHZ_CRCErrorCallback
                0x0800b4d8       0x1c ./Middlewares/Third_Party/SubGHz_Phy/stm32_radio_driver/radio_driver.o
                0x0800b4d8                HAL_SUBGHZ_CRCErrorCallback
 .text.HAL_SUBGHZ_CADStatusCallback
                0x0800b4f4       0x3c ./Middlewares/Third_Party/SubGHz_Phy/stm32_radio_driver/radio_driver.o
                0x0800b4f4                HAL_SUBGHZ_CADStatusCallback
 .text.HAL_SUBGHZ_RxTxTimeoutCallback
                0x0800b530       0x20 ./Middlewares/Third_Party/SubGHz_Phy/stm32_radio_driver/radio_driver.o
                0x0800b530                HAL_SUBGHZ_RxTxTimeoutCallback
 .text.HAL_SUBGHZ_HeaderErrorCallback
                0x0800b550       0x1c ./Middlewares/Third_Party/SubGHz_Phy/stm32_radio_driver/radio_driver.o
                0x0800b550                HAL_SUBGHZ_HeaderErrorCallback
 .text.HAL_SUBGHZ_PreambleDetectedCallback
                0x0800b56c       0x1c ./Middlewares/Third_Party/SubGHz_Phy/stm32_radio_driver/radio_driver.o
                0x0800b56c                HAL_SUBGHZ_PreambleDetectedCallback
 .text.HAL_SUBGHZ_SyncWordValidCallback
                0x0800b588       0x1c ./Middlewares/Third_Party/SubGHz_Phy/stm32_radio_driver/radio_driver.o
                0x0800b588                HAL_SUBGHZ_SyncWordValidCallback
 .text.HAL_SUBGHZ_HeaderValidCallback
                0x0800b5a4       0x1c ./Middlewares/Third_Party/SubGHz_Phy/stm32_radio_driver/radio_driver.o
                0x0800b5a4                HAL_SUBGHZ_HeaderValidCallback
 .text.HAL_SUBGHZ_LrFhssHopCallback
                0x0800b5c0       0x20 ./Middlewares/Third_Party/SubGHz_Phy/stm32_radio_driver/radio_driver.o
                0x0800b5c0                HAL_SUBGHZ_LrFhssHopCallback
 .text.Radio_SMPS_Set
                0x0800b5e0       0x42 ./Middlewares/Third_Party/SubGHz_Phy/stm32_radio_driver/radio_driver.o
 *fill*         0x0800b622        0x2 
 .text.SUBGRF_GetFskBandwidthRegValue
                0x0800b624       0x50 ./Middlewares/Third_Party/SubGHz_Phy/stm32_radio_driver/radio_driver.o
                0x0800b624                SUBGRF_GetFskBandwidthRegValue
 .text.SUBGRF_GetCFO
                0x0800b674       0xe8 ./Middlewares/Third_Party/SubGHz_Phy/stm32_radio_driver/radio_driver.o
                0x0800b674                SUBGRF_GetCFO
 .text.RFW_TransmitLongPacket
                0x0800b75c       0x24 ./Middlewares/Third_Party/SubGHz_Phy/stm32_radio_driver/radio_fw.o
                0x0800b75c                RFW_TransmitLongPacket
 .text.RFW_ReceiveLongPacket
                0x0800b780       0x24 ./Middlewares/Third_Party/SubGHz_Phy/stm32_radio_driver/radio_fw.o
                0x0800b780                RFW_ReceiveLongPacket
 .text.RFW_Init
                0x0800b7a4       0x1a ./Middlewares/Third_Party/SubGHz_Phy/stm32_radio_driver/radio_fw.o
                0x0800b7a4                RFW_Init
 .text.RFW_DeInit
                0x0800b7be        0xc ./Middlewares/Third_Party/SubGHz_Phy/stm32_radio_driver/radio_fw.o
                0x0800b7be                RFW_DeInit
 .text.RFW_Is_Init
                0x0800b7ca        0xe ./Middlewares/Third_Party/SubGHz_Phy/stm32_radio_driver/radio_fw.o
                0x0800b7ca                RFW_Is_Init
 .text.RFW_Is_LongPacketModeEnabled
                0x0800b7d8        0xe ./Middlewares/Third_Party/SubGHz_Phy/stm32_radio_driver/radio_fw.o
                0x0800b7d8                RFW_Is_LongPacketModeEnabled
 .text.RFW_SetAntSwitch
                0x0800b7e6       0x14 ./Middlewares/Third_Party/SubGHz_Phy/stm32_radio_driver/radio_fw.o
                0x0800b7e6                RFW_SetAntSwitch
 .text.RFW_TransmitInit
                0x0800b7fa       0x20 ./Middlewares/Third_Party/SubGHz_Phy/stm32_radio_driver/radio_fw.o
                0x0800b7fa                RFW_TransmitInit
 .text.RFW_ReceiveInit
                0x0800b81a       0x10 ./Middlewares/Third_Party/SubGHz_Phy/stm32_radio_driver/radio_fw.o
                0x0800b81a                RFW_ReceiveInit
 .text.RFW_DeInit_TxLongPacket
                0x0800b82a        0xc ./Middlewares/Third_Party/SubGHz_Phy/stm32_radio_driver/radio_fw.o
                0x0800b82a                RFW_DeInit_TxLongPacket
 .text.RFW_ReceivePayload
                0x0800b836        0xc ./Middlewares/Third_Party/SubGHz_Phy/stm32_radio_driver/radio_fw.o
                0x0800b836                RFW_ReceivePayload
 .text.RFW_SetRadioModem
                0x0800b842       0x14 ./Middlewares/Third_Party/SubGHz_Phy/stm32_radio_driver/radio_fw.o
                0x0800b842                RFW_SetRadioModem
 .text.MX_SubGHz_Phy_Init
                0x0800b856       0x10 ./SubGHz_Phy/App/app_subghz_phy.o
                0x0800b856                MX_SubGHz_Phy_Init
 .text.MX_SubGHz_Phy_Process
                0x0800b866        0xc ./SubGHz_Phy/App/app_subghz_phy.o
                0x0800b866                MX_SubGHz_Phy_Process
 *fill*         0x0800b872        0x2 
 .text.SubghzApp_Init
                0x0800b874       0x4c ./SubGHz_Phy/App/subghz_phy_app.o
                0x0800b874                SubghzApp_Init
 .text.OnTxDone
                0x0800b8c0        0xc ./SubGHz_Phy/App/subghz_phy_app.o
 .text.OnRxDone
                0x0800b8cc       0x24 ./SubGHz_Phy/App/subghz_phy_app.o
 .text.OnTxTimeout
                0x0800b8f0        0xc ./SubGHz_Phy/App/subghz_phy_app.o
 .text.OnRxTimeout
                0x0800b8fc        0xc ./SubGHz_Phy/App/subghz_phy_app.o
 .text.OnRxError
                0x0800b908        0xc ./SubGHz_Phy/App/subghz_phy_app.o
 .text.LL_AHB2_GRP1_EnableClock
                0x0800b914       0x30 ./SubGHz_Phy/Target/radio_board_if.o
 .text.RBI_Init
                0x0800b944       0x80 ./SubGHz_Phy/Target/radio_board_if.o
                0x0800b944                RBI_Init
 .text.RBI_ConfigRFSwitch
                0x0800b9c4       0x94 ./SubGHz_Phy/Target/radio_board_if.o
                0x0800b9c4                RBI_ConfigRFSwitch
 .text.RBI_GetTxConfig
                0x0800ba58       0x16 ./SubGHz_Phy/Target/radio_board_if.o
                0x0800ba58                RBI_GetTxConfig
 .text.RBI_IsTCXO
                0x0800ba6e       0x16 ./SubGHz_Phy/Target/radio_board_if.o
                0x0800ba6e                RBI_IsTCXO
 .text.RBI_IsDCDC
                0x0800ba84       0x16 ./SubGHz_Phy/Target/radio_board_if.o
                0x0800ba84                RBI_IsDCDC
 .text.RBI_GetRFOMaxPowerConfig
                0x0800ba9a       0x2a ./SubGHz_Phy/Target/radio_board_if.o
                0x0800ba9a                RBI_GetRFOMaxPowerConfig
 .text.UTIL_MEM_cpy_8
                0x0800bac4       0x3e ./Utilities/misc/stm32_mem.o
                0x0800bac4                UTIL_MEM_cpy_8
 .text.UTIL_MEM_set_8
                0x0800bb02       0x36 ./Utilities/misc/stm32_mem.o
                0x0800bb02                UTIL_MEM_set_8
 .text.UTIL_TIMER_Create
                0x0800bb38       0x6c ./Utilities/timer/stm32_timer.o
                0x0800bb38                UTIL_TIMER_Create
 .text.UTIL_TIMER_Start
                0x0800bba4       0xdc ./Utilities/timer/stm32_timer.o
                0x0800bba4                UTIL_TIMER_Start
 .text.UTIL_TIMER_Stop
                0x0800bc80       0xe0 ./Utilities/timer/stm32_timer.o
                0x0800bc80                UTIL_TIMER_Stop
 .text.UTIL_TIMER_SetPeriod
                0x0800bd60       0x54 ./Utilities/timer/stm32_timer.o
                0x0800bd60                UTIL_TIMER_SetPeriod
 .text.UTIL_TIMER_GetCurrentTime
                0x0800bdb4       0x24 ./Utilities/timer/stm32_timer.o
                0x0800bdb4                UTIL_TIMER_GetCurrentTime
 .text.UTIL_TIMER_GetElapsedTime
                0x0800bdd8       0x38 ./Utilities/timer/stm32_timer.o
                0x0800bdd8                UTIL_TIMER_GetElapsedTime
 .text.TimerExists
                0x0800be10       0x38 ./Utilities/timer/stm32_timer.o
                0x0800be10                TimerExists
 .text.TimerSetTimeout
                0x0800be48       0x54 ./Utilities/timer/stm32_timer.o
                0x0800be48                TimerSetTimeout
 .text.TimerInsertTimer
                0x0800be9c       0x60 ./Utilities/timer/stm32_timer.o
                0x0800be9c                TimerInsertTimer
 .text.TimerInsertNewHeadTimer
                0x0800befc       0x3c ./Utilities/timer/stm32_timer.o
                0x0800befc                TimerInsertNewHeadTimer
 .text._vsnprintf_r
                0x0800bf38       0x56 C:/ST/STM32CubeIDE_1.15.1/STM32CubeIDE/plugins/com.st.stm32cube.ide.mcu.externaltools.gnu-tools-for-stm32.12.3.rel1.win32_1.0.100.202403111256/tools/bin/../lib/gcc/arm-none-eabi/12.3.1/../../../../arm-none-eabi/lib/thumb/v7e-m/nofp\libc_nano.a(libc_a-vsnprintf.o)
                0x0800bf38                _vsniprintf_r
                0x0800bf38                _vsnprintf_r
 *fill*         0x0800bf8e        0x2 
 .text.vsnprintf
                0x0800bf90       0x1c C:/ST/STM32CubeIDE_1.15.1/STM32CubeIDE/plugins/com.st.stm32cube.ide.mcu.externaltools.gnu-tools-for-stm32.12.3.rel1.win32_1.0.100.202403111256/tools/bin/../lib/gcc/arm-none-eabi/12.3.1/../../../../arm-none-eabi/lib/thumb/v7e-m/nofp\libc_nano.a(libc_a-vsnprintf.o)
                0x0800bf90                vsniprintf
                0x0800bf90                vsnprintf
 .text.memset   0x0800bfac       0x10 C:/ST/STM32CubeIDE_1.15.1/STM32CubeIDE/plugins/com.st.stm32cube.ide.mcu.externaltools.gnu-tools-for-stm32.12.3.rel1.win32_1.0.100.202403111256/tools/bin/../lib/gcc/arm-none-eabi/12.3.1/../../../../arm-none-eabi/lib/thumb/v7e-m/nofp\libc_nano.a(libc_a-memset.o)
                0x0800bfac                memset
 .text.__errno  0x0800bfbc        0xc C:/ST/STM32CubeIDE_1.15.1/STM32CubeIDE/plugins/com.st.stm32cube.ide.mcu.externaltools.gnu-tools-for-stm32.12.3.rel1.win32_1.0.100.202403111256/tools/bin/../lib/gcc/arm-none-eabi/12.3.1/../../../../arm-none-eabi/lib/thumb/v7e-m/nofp\libc_nano.a(libc_a-errno.o)
                0x0800bfbc                __errno
 .text.__libc_init_array
                0x0800bfc8       0x48 C:/ST/STM32CubeIDE_1.15.1/STM32CubeIDE/plugins/com.st.stm32cube.ide.mcu.externaltools.gnu-tools-for-stm32.12.3.rel1.win32_1.0.100.202403111256/tools/bin/../lib/gcc/arm-none-eabi/12.3.1/../../../../arm-none-eabi/lib/thumb/v7e-m/nofp\libc_nano.a(libc_a-init.o)
                0x0800bfc8                __libc_init_array
 .text.__retarget_lock_acquire_recursive
                0x0800c010        0x2 C:/ST/STM32CubeIDE_1.15.1/STM32CubeIDE/plugins/com.st.stm32cube.ide.mcu.externaltools.gnu-tools-for-stm32.12.3.rel1.win32_1.0.100.202403111256/tools/bin/../lib/gcc/arm-none-eabi/12.3.1/../../../../arm-none-eabi/lib/thumb/v7e-m/nofp\libc_nano.a(libc_a-lock.o)
                0x0800c010                __retarget_lock_acquire_recursive
 .text.__retarget_lock_release_recursive
                0x0800c012        0x2 C:/ST/STM32CubeIDE_1.15.1/STM32CubeIDE/plugins/com.st.stm32cube.ide.mcu.externaltools.gnu-tools-for-stm32.12.3.rel1.win32_1.0.100.202403111256/tools/bin/../lib/gcc/arm-none-eabi/12.3.1/../../../../arm-none-eabi/lib/thumb/v7e-m/nofp\libc_nano.a(libc_a-lock.o)
                0x0800c012                __retarget_lock_release_recursive
 .text.memcpy   0x0800c014       0x1c C:/ST/STM32CubeIDE_1.15.1/STM32CubeIDE/plugins/com.st.stm32cube.ide.mcu.externaltools.gnu-tools-for-stm32.12.3.rel1.win32_1.0.100.202403111256/tools/bin/../lib/gcc/arm-none-eabi/12.3.1/../../../../arm-none-eabi/lib/thumb/v7e-m/nofp\libc_nano.a(libc_a-memcpy-stub.o)
                0x0800c014                memcpy
 .text._free_r  0x0800c030       0x94 C:/ST/STM32CubeIDE_1.15.1/STM32CubeIDE/plugins/com.st.stm32cube.ide.mcu.externaltools.gnu-tools-for-stm32.12.3.rel1.win32_1.0.100.202403111256/tools/bin/../lib/gcc/arm-none-eabi/12.3.1/../../../../arm-none-eabi/lib/thumb/v7e-m/nofp\libc_nano.a(libc_a-freer.o)
                0x0800c030                _free_r
 .text.sbrk_aligned
                0x0800c0c4       0x44 C:/ST/STM32CubeIDE_1.15.1/STM32CubeIDE/plugins/com.st.stm32cube.ide.mcu.externaltools.gnu-tools-for-stm32.12.3.rel1.win32_1.0.100.202403111256/tools/bin/../lib/gcc/arm-none-eabi/12.3.1/../../../../arm-none-eabi/lib/thumb/v7e-m/nofp\libc_nano.a(libc_a-mallocr.o)
 .text._malloc_r
                0x0800c108      0x100 C:/ST/STM32CubeIDE_1.15.1/STM32CubeIDE/plugins/com.st.stm32cube.ide.mcu.externaltools.gnu-tools-for-stm32.12.3.rel1.win32_1.0.100.202403111256/tools/bin/../lib/gcc/arm-none-eabi/12.3.1/../../../../arm-none-eabi/lib/thumb/v7e-m/nofp\libc_nano.a(libc_a-mallocr.o)
                0x0800c108                _malloc_r
 .text.__malloc_lock
                0x0800c208        0xc C:/ST/STM32CubeIDE_1.15.1/STM32CubeIDE/plugins/com.st.stm32cube.ide.mcu.externaltools.gnu-tools-for-stm32.12.3.rel1.win32_1.0.100.202403111256/tools/bin/../lib/gcc/arm-none-eabi/12.3.1/../../../../arm-none-eabi/lib/thumb/v7e-m/nofp\libc_nano.a(libc_a-mlock.o)
                0x0800c208                __malloc_lock
 .text.__malloc_unlock
                0x0800c214        0xc C:/ST/STM32CubeIDE_1.15.1/STM32CubeIDE/plugins/com.st.stm32cube.ide.mcu.externaltools.gnu-tools-for-stm32.12.3.rel1.win32_1.0.100.202403111256/tools/bin/../lib/gcc/arm-none-eabi/12.3.1/../../../../arm-none-eabi/lib/thumb/v7e-m/nofp\libc_nano.a(libc_a-mlock.o)
                0x0800c214                __malloc_unlock
 .text.__ssputs_r
                0x0800c220       0xb6 C:/ST/STM32CubeIDE_1.15.1/STM32CubeIDE/plugins/com.st.stm32cube.ide.mcu.externaltools.gnu-tools-for-stm32.12.3.rel1.win32_1.0.100.202403111256/tools/bin/../lib/gcc/arm-none-eabi/12.3.1/../../../../arm-none-eabi/lib/thumb/v7e-m/nofp\libc_nano.a(libc_a-nano-svfprintf.o)
                0x0800c220                __ssputs_r
 *fill*         0x0800c2d6        0x2 
 .text._svfprintf_r
                0x0800c2d8      0x1f8 C:/ST/STM32CubeIDE_1.15.1/STM32CubeIDE/plugins/com.st.stm32cube.ide.mcu.externaltools.gnu-tools-for-stm32.12.3.rel1.win32_1.0.100.202403111256/tools/bin/../lib/gcc/arm-none-eabi/12.3.1/../../../../arm-none-eabi/lib/thumb/v7e-m/nofp\libc_nano.a(libc_a-nano-svfprintf.o)
                0x0800c2d8                _svfiprintf_r
                0x0800c2d8                _svfprintf_r
 .text._printf_common
                0x0800c4d0       0xda C:/ST/STM32CubeIDE_1.15.1/STM32CubeIDE/plugins/com.st.stm32cube.ide.mcu.externaltools.gnu-tools-for-stm32.12.3.rel1.win32_1.0.100.202403111256/tools/bin/../lib/gcc/arm-none-eabi/12.3.1/../../../../arm-none-eabi/lib/thumb/v7e-m/nofp\libc_nano.a(libc_a-nano-vfprintf_i.o)
                0x0800c4d0                _printf_common
 *fill*         0x0800c5aa        0x2 
 .text._printf_i
                0x0800c5ac      0x240 C:/ST/STM32CubeIDE_1.15.1/STM32CubeIDE/plugins/com.st.stm32cube.ide.mcu.externaltools.gnu-tools-for-stm32.12.3.rel1.win32_1.0.100.202403111256/tools/bin/../lib/gcc/arm-none-eabi/12.3.1/../../../../arm-none-eabi/lib/thumb/v7e-m/nofp\libc_nano.a(libc_a-nano-vfprintf_i.o)
                0x0800c5ac                _printf_i
 .text.memmove  0x0800c7ec       0x34 C:/ST/STM32CubeIDE_1.15.1/STM32CubeIDE/plugins/com.st.stm32cube.ide.mcu.externaltools.gnu-tools-for-stm32.12.3.rel1.win32_1.0.100.202403111256/tools/bin/../lib/gcc/arm-none-eabi/12.3.1/../../../../arm-none-eabi/lib/thumb/v7e-m/nofp\libc_nano.a(libc_a-memmove.o)
                0x0800c7ec                memmove
 .text._sbrk_r  0x0800c820       0x20 C:/ST/STM32CubeIDE_1.15.1/STM32CubeIDE/plugins/com.st.stm32cube.ide.mcu.externaltools.gnu-tools-for-stm32.12.3.rel1.win32_1.0.100.202403111256/tools/bin/../lib/gcc/arm-none-eabi/12.3.1/../../../../arm-none-eabi/lib/thumb/v7e-m/nofp\libc_nano.a(libc_a-sbrkr.o)
                0x0800c820                _sbrk_r
 .text._realloc_r
                0x0800c840       0x5c C:/ST/STM32CubeIDE_1.15.1/STM32CubeIDE/plugins/com.st.stm32cube.ide.mcu.externaltools.gnu-tools-for-stm32.12.3.rel1.win32_1.0.100.202403111256/tools/bin/../lib/gcc/arm-none-eabi/12.3.1/../../../../arm-none-eabi/lib/thumb/v7e-m/nofp\libc_nano.a(libc_a-reallocr.o)
                0x0800c840                _realloc_r
 .text._malloc_usable_size_r
                0x0800c89c       0x10 C:/ST/STM32CubeIDE_1.15.1/STM32CubeIDE/plugins/com.st.stm32cube.ide.mcu.externaltools.gnu-tools-for-stm32.12.3.rel1.win32_1.0.100.202403111256/tools/bin/../lib/gcc/arm-none-eabi/12.3.1/../../../../arm-none-eabi/lib/thumb/v7e-m/nofp\libc_nano.a(libc_a-msizer.o)
                0x0800c89c                _malloc_usable_size_r
 *(.glue_7)
 .glue_7        0x0800c8ac        0x0 linker stubs
 *(.glue_7t)
 .glue_7t       0x0800c8ac        0x0 linker stubs
 *(.eh_frame)
 .eh_frame      0x0800c8ac        0x0 C:/ST/STM32CubeIDE_1.15.1/STM32CubeIDE/plugins/com.st.stm32cube.ide.mcu.externaltools.gnu-tools-for-stm32.12.3.rel1.win32_1.0.100.202403111256/tools/bin/../lib/gcc/arm-none-eabi/12.3.1/thumb/v7e-m/nofp/crtbegin.o
 *(.init)
 .init          0x0800c8ac        0x4 C:/ST/STM32CubeIDE_1.15.1/STM32CubeIDE/plugins/com.st.stm32cube.ide.mcu.externaltools.gnu-tools-for-stm32.12.3.rel1.win32_1.0.100.202403111256/tools/bin/../lib/gcc/arm-none-eabi/12.3.1/thumb/v7e-m/nofp/crti.o
                0x0800c8ac                _init
 .init          0x0800c8b0        0x8 C:/ST/STM32CubeIDE_1.15.1/STM32CubeIDE/plugins/com.st.stm32cube.ide.mcu.externaltools.gnu-tools-for-stm32.12.3.rel1.win32_1.0.100.202403111256/tools/bin/../lib/gcc/arm-none-eabi/12.3.1/thumb/v7e-m/nofp/crtn.o
 *(.fini)
 .fini          0x0800c8b8        0x4 C:/ST/STM32CubeIDE_1.15.1/STM32CubeIDE/plugins/com.st.stm32cube.ide.mcu.externaltools.gnu-tools-for-stm32.12.3.rel1.win32_1.0.100.202403111256/tools/bin/../lib/gcc/arm-none-eabi/12.3.1/thumb/v7e-m/nofp/crti.o
                0x0800c8b8                _fini
 .fini          0x0800c8bc        0x8 C:/ST/STM32CubeIDE_1.15.1/STM32CubeIDE/plugins/com.st.stm32cube.ide.mcu.externaltools.gnu-tools-for-stm32.12.3.rel1.win32_1.0.100.202403111256/tools/bin/../lib/gcc/arm-none-eabi/12.3.1/thumb/v7e-m/nofp/crtn.o
                0x0800c8c4                        . = ALIGN (0x4)
                0x0800c8c4                        _etext = .

.vfp11_veneer   0x0800c8c4        0x0
 .vfp11_veneer  0x0800c8c4        0x0 linker stubs

.v4_bx          0x0800c8c4        0x0
 .v4_bx         0x0800c8c4        0x0 linker stubs

.iplt           0x0800c8c4        0x0
 .iplt          0x0800c8c4        0x0 C:/ST/STM32CubeIDE_1.15.1/STM32CubeIDE/plugins/com.st.stm32cube.ide.mcu.externaltools.gnu-tools-for-stm32.12.3.rel1.win32_1.0.100.202403111256/tools/bin/../lib/gcc/arm-none-eabi/12.3.1/thumb/v7e-m/nofp/crtbegin.o

.rodata         0x0800c8c4      0xa7c
                0x0800c8c4                        . = ALIGN (0x4)
 *(.rodata)
 .rodata        0x0800c8c4       0x22 ./Core/Src/ax25_generator.o
 *fill*         0x0800c8e6        0x2 
 .rodata        0x0800c8e8      0x68f ./Core/Src/main.o
 *fill*         0x0800cf77        0x1 
 .rodata        0x0800cf78      0x11e ./Core/Src/obc_interface.o
 *fill*         0x0800d096        0x2 
 .rodata        0x0800d098       0x1c ./Drivers/STM32WLxx_HAL_Driver/Src/stm32wlxx_hal_rcc.o
 .rodata        0x0800d0b4       0x10 ./Middlewares/Third_Party/SubGHz_Phy/stm32_radio_driver/radio.o
 .rodata        0x0800d0c4       0x11 ./Middlewares/Third_Party/SubGHz_Phy/stm32_radio_driver/radio_driver.o
 *(.rodata*)
 *fill*         0x0800d0d5        0x3 
 .rodata.AHBPrescTable
                0x0800d0d8       0x40 ./Core/Src/system_stm32wlxx.o
                0x0800d0d8                AHBPrescTable
 .rodata.APBPrescTable
                0x0800d118       0x20 ./Core/Src/system_stm32wlxx.o
                0x0800d118                APBPrescTable
 .rodata.MSIRangeTable
                0x0800d138       0x40 ./Core/Src/system_stm32wlxx.o
                0x0800d138                MSIRangeTable
 .rodata.UTIL_TimerDriver
                0x0800d178       0x2c ./Core/Src/timer_if.o
                0x0800d178                UTIL_TimerDriver
 .rodata.UARTPrescTable
                0x0800d1a4       0x18 ./Drivers/STM32WLxx_HAL_Driver/Src/stm32wlxx_hal_uart.o
                0x0800d1a4                UARTPrescTable
 .rodata.numerator.1
                0x0800d1bc        0x8 ./Drivers/STM32WLxx_HAL_Driver/Src/stm32wlxx_hal_uart_ex.o
 .rodata.denominator.0
                0x0800d1c4        0x8 ./Drivers/STM32WLxx_HAL_Driver/Src/stm32wlxx_hal_uart_ex.o
 .rodata.Radio  0x0800d1cc       0x8c ./Middlewares/Third_Party/SubGHz_Phy/stm32_radio_driver/radio.o
                0x0800d1cc                Radio
 .rodata.Bandwidths
                0x0800d258        0x3 ./Middlewares/Third_Party/SubGHz_Phy/stm32_radio_driver/radio.o
                0x0800d258                Bandwidths
 *fill*         0x0800d25b        0x1 
 .rodata.FskBandwidths
                0x0800d25c       0xb0 ./Middlewares/Third_Party/SubGHz_Phy/stm32_radio_driver/radio_driver.o
 .rodata._svfprintf_r.str1.1
                0x0800d30c       0x11 C:/ST/STM32CubeIDE_1.15.1/STM32CubeIDE/plugins/com.st.stm32cube.ide.mcu.externaltools.gnu-tools-for-stm32.12.3.rel1.win32_1.0.100.202403111256/tools/bin/../lib/gcc/arm-none-eabi/12.3.1/../../../../arm-none-eabi/lib/thumb/v7e-m/nofp\libc_nano.a(libc_a-nano-svfprintf.o)
 .rodata._printf_i.str1.1
                0x0800d31d       0x22 C:/ST/STM32CubeIDE_1.15.1/STM32CubeIDE/plugins/com.st.stm32cube.ide.mcu.externaltools.gnu-tools-for-stm32.12.3.rel1.win32_1.0.100.202403111256/tools/bin/../lib/gcc/arm-none-eabi/12.3.1/../../../../arm-none-eabi/lib/thumb/v7e-m/nofp\libc_nano.a(libc_a-nano-vfprintf_i.o)
                0x0800d340                        . = ALIGN (0x4)
 *fill*         0x0800d33f        0x1 

.ARM.extab      0x0800d340        0x0
                0x0800d340                        . = ALIGN (0x4)
 *(.ARM.extab* .gnu.linkonce.armextab.*)
                0x0800d340                        . = ALIGN (0x4)

.ARM            0x0800d340        0x8
                0x0800d340                        . = ALIGN (0x4)
                0x0800d340                        __exidx_start = .
 *(.ARM.exidx*)
 .ARM.exidx     0x0800d340        0x8 C:/ST/STM32CubeIDE_1.15.1/STM32CubeIDE/plugins/com.st.stm32cube.ide.mcu.externaltools.gnu-tools-for-stm32.12.3.rel1.win32_1.0.100.202403111256/tools/bin/../lib/gcc/arm-none-eabi/12.3.1/../../../../arm-none-eabi/lib/thumb/v7e-m/nofp\libc_nano.a(libc_a-memchr.o)
 .ARM.exidx     0x0800d348        0x0 C:/ST/STM32CubeIDE_1.15.1/STM32CubeIDE/plugins/com.st.stm32cube.ide.mcu.externaltools.gnu-tools-for-stm32.12.3.rel1.win32_1.0.100.202403111256/tools/bin/../lib/gcc/arm-none-eabi/12.3.1/thumb/v7e-m/nofp\libgcc.a(_udivmoddi4.o)
                                  0x8 (size before relaxing)
                0x0800d348                        __exidx_end = .
                0x0800d348                        . = ALIGN (0x4)

.rel.dyn        0x0800d348        0x0
 .rel.iplt      0x0800d348        0x0 C:/ST/STM32CubeIDE_1.15.1/STM32CubeIDE/plugins/com.st.stm32cube.ide.mcu.externaltools.gnu-tools-for-stm32.12.3.rel1.win32_1.0.100.202403111256/tools/bin/../lib/gcc/arm-none-eabi/12.3.1/thumb/v7e-m/nofp/crtbegin.o

.preinit_array  0x0800d348        0x0
                0x0800d348                        . = ALIGN (0x4)
                0x0800d348                        PROVIDE (__preinit_array_start = .)
 *(.preinit_array*)
                0x0800d348                        PROVIDE (__preinit_array_end = .)
                0x0800d348                        . = ALIGN (0x4)

.init_array     0x0800d348        0x4
                0x0800d348                        . = ALIGN (0x4)
                0x0800d348                        PROVIDE (__init_array_start = .)
 *(SORT_BY_NAME(.init_array.*))
 *(.init_array*)
 .init_array    0x0800d348        0x4 C:/ST/STM32CubeIDE_1.15.1/STM32CubeIDE/plugins/com.st.stm32cube.ide.mcu.externaltools.gnu-tools-for-stm32.12.3.rel1.win32_1.0.100.202403111256/tools/bin/../lib/gcc/arm-none-eabi/12.3.1/thumb/v7e-m/nofp/crtbegin.o
                0x0800d34c                        PROVIDE (__init_array_end = .)
                0x0800d34c                        . = ALIGN (0x4)

.fini_array     0x0800d34c        0x4
                0x0800d34c                        . = ALIGN (0x4)
                [!provide]                        PROVIDE (__fini_array_start = .)
 *(SORT_BY_NAME(.fini_array.*))
 *(.fini_array*)
 .fini_array    0x0800d34c        0x4 C:/ST/STM32CubeIDE_1.15.1/STM32CubeIDE/plugins/com.st.stm32cube.ide.mcu.externaltools.gnu-tools-for-stm32.12.3.rel1.win32_1.0.100.202403111256/tools/bin/../lib/gcc/arm-none-eabi/12.3.1/thumb/v7e-m/nofp/crtbegin.o
                [!provide]                        PROVIDE (__fini_array_end = .)
                0x0800d350                        . = ALIGN (0x4)
                0x0800d350                        _sidata = LOADADDR (.data)

.data           0x20000000       0x68 load address 0x0800d350
                0x20000000                        . = ALIGN (0x4)
                0x20000000                        _sdata = .
 *(.data)
 *(.data*)
 .data.rx_buffer_len
                0x20000000        0x1 ./Core/Src/main.o
                0x20000000                rx_buffer_len
 .data.obc_plen
                0x20000001        0x1 ./Core/Src/main.o
                0x20000001                obc_plen
 *fill*         0x20000002        0x2 
 .data.BEACON_COUNT
                0x20000004        0x4 ./Core/Src/main.o
                0x20000004                BEACON_COUNT
 .data.COUNT_BEACON
                0x20000008        0x4 ./Core/Src/main.o
                0x20000008                COUNT_BEACON
 .data.SystemCoreClock
                0x2000000c        0x4 ./Core/Src/system_stm32wlxx.o
                0x2000000c                SystemCoreClock
 .data.uwTickPrio
                0x20000010        0x4 ./Drivers/STM32WLxx_HAL_Driver/Src/stm32wlxx_hal.o
                0x20000010                uwTickPrio
 .data.uwTickFreq
                0x20000014        0x1 ./Drivers/STM32WLxx_HAL_Driver/Src/stm32wlxx_hal.o
                0x20000014                uwTickFreq
 .data.MaxPayloadLength
                0x20000015        0x1 ./Middlewares/Third_Party/SubGHz_Phy/stm32_radio_driver/radio.o
 *fill*         0x20000016        0x2 
 .data._impure_ptr
                0x20000018        0x4 C:/ST/STM32CubeIDE_1.15.1/STM32CubeIDE/plugins/com.st.stm32cube.ide.mcu.externaltools.gnu-tools-for-stm32.12.3.rel1.win32_1.0.100.202403111256/tools/bin/../lib/gcc/arm-none-eabi/12.3.1/../../../../arm-none-eabi/lib/thumb/v7e-m/nofp\libc_nano.a(libc_a-impure.o)
                0x20000018                _impure_ptr
 .data._impure_data
                0x2000001c       0x4c C:/ST/STM32CubeIDE_1.15.1/STM32CubeIDE/plugins/com.st.stm32cube.ide.mcu.externaltools.gnu-tools-for-stm32.12.3.rel1.win32_1.0.100.202403111256/tools/bin/../lib/gcc/arm-none-eabi/12.3.1/../../../../arm-none-eabi/lib/thumb/v7e-m/nofp\libc_nano.a(libc_a-impure.o)
                0x2000001c                _impure_data
 *(.RamFunc)
 *(.RamFunc*)
                0x20000068                        . = ALIGN (0x4)
                0x20000068                        _edata = .

.igot.plt       0x20000068        0x0 load address 0x0800d3b8
 .igot.plt      0x20000068        0x0 C:/ST/STM32CubeIDE_1.15.1/STM32CubeIDE/plugins/com.st.stm32cube.ide.mcu.externaltools.gnu-tools-for-stm32.12.3.rel1.win32_1.0.100.202403111256/tools/bin/../lib/gcc/arm-none-eabi/12.3.1/thumb/v7e-m/nofp/crtbegin.o
                0x20000068                        . = ALIGN (0x4)

.bss            0x20000068      0xc2c load address 0x0800d3b8
                0x20000068                        _sbss = .
                0x20000068                        __bss_start__ = _sbss
 *(.bss)
 .bss           0x20000068       0x1c C:/ST/STM32CubeIDE_1.15.1/STM32CubeIDE/plugins/com.st.stm32cube.ide.mcu.externaltools.gnu-tools-for-stm32.12.3.rel1.win32_1.0.100.202403111256/tools/bin/../lib/gcc/arm-none-eabi/12.3.1/thumb/v7e-m/nofp/crtbegin.o
 *(.bss*)
 .bss.ax_buffer
                0x20000084       0x96 ./Core/Src/ax25_generator.o
                0x20000084                ax_buffer
 *fill*         0x2000011a        0x2 
 .bss.ax_buff_stuffed
                0x2000011c       0x96 ./Core/Src/ax25_generator.o
                0x2000011c                ax_buff_stuffed
 *fill*         0x200001b2        0x2 
 .bss.info_packet
                0x200001b4       0x64 ./Core/Src/ax25_generator.o
                0x200001b4                info_packet
 .bss.temp.0    0x20000218       0x64 ./Core/Src/com_debug.o
 .bss.hlpuart1  0x2000027c       0x94 ./Core/Src/main.o
                0x2000027c                hlpuart1
 .bss.huart1    0x20000310       0x94 ./Core/Src/main.o
                0x20000310                huart1
 .bss.huart2    0x200003a4       0x94 ./Core/Src/main.o
                0x200003a4                huart2
 .bss.hdma_lpuart1_rx
                0x20000438       0x60 ./Core/Src/main.o
                0x20000438                hdma_lpuart1_rx
 .bss.hdma_lpuart1_tx
                0x20000498       0x60 ./Core/Src/main.o
                0x20000498                hdma_lpuart1_tx
 .bss.hdma_usart1_rx
                0x200004f8       0x60 ./Core/Src/main.o
                0x200004f8                hdma_usart1_rx
 .bss.hdma_usart1_tx
                0x20000558       0x60 ./Core/Src/main.o
                0x20000558                hdma_usart1_tx
 .bss.hdma_usart2_rx
                0x200005b8       0x60 ./Core/Src/main.o
                0x200005b8                hdma_usart2_rx
 .bss.hdma_usart2_tx
                0x20000618       0x60 ./Core/Src/main.o
                0x20000618                hdma_usart2_tx
 .bss.hsubghz   0x20000678        0xc ./Core/Src/main.o
                0x20000678                hsubghz
 .bss.htim1     0x20000684       0x4c ./Core/Src/main.o
                0x20000684                htim1
 .bss.htim2     0x200006d0       0x4c ./Core/Src/main.o
                0x200006d0                htim2
 .bss.pkt_params
                0x2000071c       0x14 ./Core/Src/main.o
                0x2000071c                pkt_params
 .bss.mod_params
                0x20000730       0x1c ./Core/Src/main.o
                0x20000730                mod_params
 .bss.rx_buffer
                0x2000074c       0x69 ./Core/Src/main.o
                0x2000074c                rx_buffer
 .bss.rssi_value
                0x200007b5        0x1 ./Core/Src/main.o
                0x200007b5                rssi_value
 .bss.obc_ilen  0x200007b6        0x1 ./Core/Src/main.o
                0x200007b6                obc_ilen
 *fill*         0x200007b7        0x1 
 .bss.OBC_UART_RX
                0x200007b8       0x55 ./Core/Src/main.o
                0x200007b8                OBC_UART_RX
 *fill*         0x2000080d        0x3 
 .bss.OBC_SUCCESS_DATA_RX_FLAG
                0x20000810        0x4 ./Core/Src/main.o
                0x20000810                OBC_SUCCESS_DATA_RX_FLAG
 .bss.temp_tx_buffer
                0x20000814       0x96 ./Core/Src/main.o
                0x20000814                temp_tx_buffer
 *fill*         0x200008aa        0x2 
 .bss.tx_buffer
                0x200008ac       0x96 ./Core/Src/main.o
                0x200008ac                tx_buffer
 *fill*         0x20000942        0x2 
 .bss.tx_buffer_len
                0x20000944        0x4 ./Core/Src/main.o
                0x20000944                tx_buffer_len
 .bss.OBC_HANDSHAKE_FLAG
                0x20000948        0x4 ./Core/Src/main.o
                0x20000948                OBC_HANDSHAKE_FLAG
 .bss.DIGIPEATER_STATUS
                0x2000094c        0x4 ./Core/Src/main.o